sample=000_9282
backend=vulkan
architecture=relateanything_full_v1
pairs=128
predicates=19103
latency_ms=29.6544
iteration_ms=31.3523,26.8646,30.7463
sample=001_11355
backend=vulkan
architecture=relateanything_full_v1
pairs=128
predicates=19103
latency_ms=30.4553
iteration_ms=31.8519,28.1905,31.3234
sample=002_14198
backend=vulkan
architecture=relateanything_full_v1
pairs=128
predicates=19103
latency_ms=28.9986
iteration_ms=30.1676,29.6744,27.1538
sample=003_16127
backend=vulkan
architecture=relateanything_full_v1
pairs=128
predicates=19103
latency_ms=29.778
iteration_ms=28.3869,31.8521,29.0949
sample=004_19163
backend=vulkan
architecture=relateanything_full_v1
pairs=128
predicates=19103
latency_ms=31.6655
iteration_ms=28.9164,33.8625,32.2175
sample=005_24757
backend=vulkan
architecture=relateanything_full_v1
pairs=128
predicates=19103
latency_ms=28.0865
iteration_ms=27.1156,28.489,28.6547
sample=006_27190
backend=vulkan
architecture=relateanything_full_v1
pairs=128
predicates=19103
latency_ms=28.7024
iteration_ms=28.7803,30.7984,26.5286
sample=007_52536
backend=vulkan
architecture=relateanything_full_v1
pairs=128
predicates=19103
latency_ms=27.6215
iteration_ms=27.9898,29.1803,25.6946
sample=008_55085
backend=vulkan
architecture=relateanything_full_v1
pairs=128
predicates=19103
latency_ms=28.2792
iteration_ms=28.5469,29.5118,26.7788
sample=009_71069
backend=vulkan
architecture=relateanything_full_v1
pairs=128
predicates=19103
latency_ms=27.3879
iteration_ms=25.9646,28.5339,27.6652
sample=010_81185
backend=vulkan
architecture=relateanything_full_v1
pairs=128
predicates=19103
latency_ms=30.2589
iteration_ms=27.7869,31.2151,31.7748
sample=011_91806
backend=vulkan
architecture=relateanything_full_v1
pairs=128
predicates=19103
latency_ms=29.7572
iteration_ms=27.2113,31.2092,30.8511
sample=012_92254
backend=vulkan
architecture=relateanything_full_v1
pairs=128
predicates=19103
latency_ms=27.2454
iteration_ms=25.2794,28.1004,28.3565
sample=013_97855
backend=vulkan
architecture=relateanything_full_v1
pairs=128
predicates=19103
latency_ms=30.9147
iteration_ms=28.5588,31.9062,32.279
sample=014_102063
backend=vulkan
architecture=relateanything_full_v1
pairs=128
predicates=19103
latency_ms=28.9242
iteration_ms=27.8437,31.3667,27.5623
sample=015_104029
backend=vulkan
architecture=relateanything_full_v1
pairs=128
predicates=19103
latency_ms=27.288
iteration_ms=27.3051,27.6755,26.8836
sample=016_115571
backend=vulkan
architecture=relateanything_full_v1
pairs=128
predicates=19103
latency_ms=29.9362
iteration_ms=28.1767,30.1859,31.4459
sample=017_122698
backend=vulkan
architecture=relateanything_full_v1
pairs=128
predicates=19103
latency_ms=27.06
iteration_ms=27.4456,26.9145,26.82
sample=018_129927
backend=vulkan
architecture=relateanything_full_v1
pairs=128
predicates=19103
latency_ms=30.0473
iteration_ms=27.3184,31.0405,31.7832
sample=019_134453
backend=vulkan
architecture=relateanything_full_v1
pairs=128
predicates=19103
latency_ms=30.2902
iteration_ms=29.6156,31.9232,29.3317
sample=020_143376
backend=vulkan
architecture=relateanything_full_v1
pairs=128
predicates=19103
latency_ms=32.1458
iteration_ms=28.9224,35.5136,32.0013
sample=021_143697
backend=vulkan
architecture=relateanything_full_v1
pairs=128
predicates=19103
latency_ms=29.7034
iteration_ms=29.9768,28.9808,30.1527
sample=022_144846
backend=vulkan
architecture=relateanything_full_v1
pairs=128
predicates=19103
latency_ms=30.0523
iteration_ms=31.0781,29.4753,29.6034
sample=023_147904
backend=vulkan
architecture=relateanything_full_v1
pairs=128
predicates=19103
latency_ms=31.7433
iteration_ms=28.6787,29.2571,37.2941
sample=024_149460
backend=vulkan
architecture=relateanything_full_v1
pairs=128
predicates=19103
latency_ms=28.5633
iteration_ms=27.3996,28.167,30.1232
sample=025_162793
backend=vulkan
architecture=relateanything_full_v1
pairs=128
predicates=19103
latency_ms=28.8526
iteration_ms=28.3065,30.8632,27.388
sample=026_172835
backend=vulkan
architecture=relateanything_full_v1
pairs=128
predicates=19103
latency_ms=25.1987
iteration_ms=25.0214,25.5874,24.9872
sample=027_198214
backend=vulkan
architecture=relateanything_full_v1
pairs=128
predicates=19103
latency_ms=25.6832
iteration_ms=25.7515,25.5087,25.7894
sample=028_228279
backend=vulkan
architecture=relateanything_full_v1
pairs=128
predicates=19103
latency_ms=27.8207
iteration_ms=27.3442,28.1867,27.9313
sample=029_231594
backend=vulkan
architecture=relateanything_full_v1
pairs=128
predicates=19103
latency_ms=25.5992
iteration_ms=25.3879,25.588,25.8216
sample=030_239442
backend=vulkan
architecture=relateanything_full_v1
pairs=128
predicates=19103
latency_ms=25.6356
iteration_ms=25.4974,25.8745,25.5348
sample=031_245050
backend=vulkan
architecture=relateanything_full_v1
pairs=128
predicates=19103
latency_ms=26.0545
iteration_ms=25.2672,26.6989,26.1973
sample=032_265747
backend=vulkan
architecture=relateanything_full_v1
pairs=128
predicates=19103
latency_ms=25.2998
iteration_ms=25.5349,25.0769,25.2875
sample=033_266825
backend=vulkan
architecture=relateanything_full_v1
pairs=128
predicates=19103
latency_ms=28.6022
iteration_ms=27.8238,29.4683,28.5146
sample=034_280716
backend=vulkan
architecture=relateanything_full_v1
pairs=128
predicates=19103
latency_ms=28.9013
iteration_ms=27.9447,28.9457,29.8136
sample=035_300959
backend=vulkan
architecture=relateanything_full_v1
pairs=128
predicates=19103
latency_ms=30.3153
iteration_ms=27.7469,33.9389,29.2601
sample=036_302113
backend=vulkan
architecture=relateanything_full_v1
pairs=128
predicates=19103
latency_ms=31.1127
iteration_ms=29.8132,30.4189,33.106
sample=037_323754
backend=vulkan
architecture=relateanything_full_v1
pairs=128
predicates=19103
latency_ms=27.5254
iteration_ms=27.1305,29.1308,26.3149
sample=038_358187
backend=vulkan
architecture=relateanything_full_v1
pairs=128
predicates=19103
latency_ms=30.3178
iteration_ms=30.2995,31.0594,29.5944
sample=039_372522
backend=vulkan
architecture=relateanything_full_v1
pairs=128
predicates=19103
latency_ms=31.1884
iteration_ms=30.0389,31.6983,31.8278
sample=040_392539
backend=vulkan
architecture=relateanything_full_v1
pairs=128
predicates=19103
latency_ms=31.2602
iteration_ms=29.4067,32.6966,31.6772
sample=041_431358
backend=vulkan
architecture=relateanything_full_v1
pairs=128
predicates=19103
latency_ms=32.902
iteration_ms=32.3955,32.996,33.3146
sample=042_433188
backend=vulkan
architecture=relateanything_full_v1
pairs=128
predicates=19103
latency_ms=27.1372
iteration_ms=25.2101,27.2992,28.9024
sample=043_437629
backend=vulkan
architecture=relateanything_full_v1
pairs=128
predicates=19103
latency_ms=26.6214
iteration_ms=25.1523,27.2854,27.4266
sample=044_461572
backend=vulkan
architecture=relateanything_full_v1
pairs=128
predicates=19103
latency_ms=29.9985
iteration_ms=29.0311,29.7208,31.2438
sample=045_465589
backend=vulkan
architecture=relateanything_full_v1
pairs=128
predicates=19103
latency_ms=27.311
iteration_ms=27.7094,27.3882,26.8353
sample=046_471413
backend=vulkan
architecture=relateanything_full_v1
pairs=128
predicates=19103
latency_ms=28.4746
iteration_ms=27.2708,28.9521,29.2009
sample=047_475063
backend=vulkan
architecture=relateanything_full_v1
pairs=128
predicates=19103
latency_ms=27.7561
iteration_ms=28.6595,27.775,26.8338
sample=048_481986
backend=vulkan
architecture=relateanything_full_v1
pairs=128
predicates=19103
latency_ms=27.4535
iteration_ms=27.5611,26.3585,28.441
sample=049_495397
backend=vulkan
architecture=relateanything_full_v1
pairs=128
predicates=19103
latency_ms=26.9574
iteration_ms=27.6239,24.9067,28.3416
