sample=000_9282
backend=vulkan
architecture=relateanything_full_v1
pairs=128
predicates=19103
latency_ms=29.2052
iteration_ms=29.8692,28.6685,29.0778
sample=001_11355
backend=vulkan
architecture=relateanything_full_v1
pairs=128
predicates=19103
latency_ms=33.598
iteration_ms=35.027,34.7903,30.9769
sample=002_14198
backend=vulkan
architecture=relateanything_full_v1
pairs=128
predicates=19103
latency_ms=30.0368
iteration_ms=32.3263,27.8081,29.976
sample=003_16127
backend=vulkan
architecture=relateanything_full_v1
pairs=128
predicates=19103
latency_ms=32.3959
iteration_ms=31.0053,32.2609,33.9216
sample=004_19163
backend=vulkan
architecture=relateanything_full_v1
pairs=128
predicates=19103
latency_ms=31.8182
iteration_ms=30.0767,31.4146,33.9632
sample=005_24757
backend=vulkan
architecture=relateanything_full_v1
pairs=128
predicates=19103
latency_ms=29.4911
iteration_ms=30.4275,29.404,28.6418
sample=006_27190
backend=vulkan
architecture=relateanything_full_v1
pairs=128
predicates=19103
latency_ms=30.0194
iteration_ms=32.4008,28.0227,29.6348
sample=007_52536
backend=vulkan
architecture=relateanything_full_v1
pairs=128
predicates=19103
latency_ms=29.5703
iteration_ms=27.8056,30.3215,30.5838
sample=008_55085
backend=vulkan
architecture=relateanything_full_v1
pairs=128
predicates=19103
latency_ms=31.6121
iteration_ms=32.7165,31.5786,30.5413
sample=009_71069
backend=vulkan
architecture=relateanything_full_v1
pairs=128
predicates=19103
latency_ms=29.1419
iteration_ms=30.4676,28.6689,28.2893
sample=010_81185
backend=vulkan
architecture=relateanything_full_v1
pairs=128
predicates=19103
latency_ms=33.1521
iteration_ms=31.6835,33.6082,34.1647
sample=011_91806
backend=vulkan
architecture=relateanything_full_v1
pairs=128
predicates=19103
latency_ms=32.7004
iteration_ms=34.6744,29.853,33.5738
sample=012_92254
backend=vulkan
architecture=relateanything_full_v1
pairs=128
predicates=19103
latency_ms=29.8086
iteration_ms=28.9449,31.1306,29.3505
sample=013_97855
backend=vulkan
architecture=relateanything_full_v1
pairs=128
predicates=19103
latency_ms=33.9203
iteration_ms=33.2373,34.5545,33.9691
sample=014_102063
backend=vulkan
architecture=relateanything_full_v1
pairs=128
predicates=19103
latency_ms=30.9482
iteration_ms=30.6241,30.5333,31.6871
sample=015_104029
backend=vulkan
architecture=relateanything_full_v1
pairs=128
predicates=19103
latency_ms=30.7043
iteration_ms=28.9781,33.0801,30.0547
sample=016_115571
backend=vulkan
architecture=relateanything_full_v1
pairs=128
predicates=19103
latency_ms=32.5535
iteration_ms=30.9779,32.9444,33.7382
sample=017_122698
backend=vulkan
architecture=relateanything_full_v1
pairs=128
predicates=19103
latency_ms=30.0952
iteration_ms=28.9569,30.4931,30.8356
sample=018_129927
backend=vulkan
architecture=relateanything_full_v1
pairs=128
predicates=19103
latency_ms=35.3081
iteration_ms=37.387,33.7052,34.8322
sample=019_134453
backend=vulkan
architecture=relateanything_full_v1
pairs=128
predicates=19103
latency_ms=33.0076
iteration_ms=30.4768,34.7689,33.7771
sample=020_143376
backend=vulkan
architecture=relateanything_full_v1
pairs=128
predicates=19103
latency_ms=34.7706
iteration_ms=31.6642,35.8139,36.8336
sample=021_143697
backend=vulkan
architecture=relateanything_full_v1
pairs=128
predicates=19103
latency_ms=33.3909
iteration_ms=33.7786,31.4474,34.9467
sample=022_144846
backend=vulkan
architecture=relateanything_full_v1
pairs=128
predicates=19103
latency_ms=30.4143
iteration_ms=31.4237,29.4344,30.3849
sample=023_147904
backend=vulkan
architecture=relateanything_full_v1
pairs=128
predicates=19103
latency_ms=32.003
iteration_ms=32.7885,29.8221,33.3984
sample=024_149460
backend=vulkan
architecture=relateanything_full_v1
pairs=128
predicates=19103
latency_ms=29.6454
iteration_ms=28.2059,29.3466,31.3838
sample=025_162793
backend=vulkan
architecture=relateanything_full_v1
pairs=128
predicates=19103
latency_ms=31.3826
iteration_ms=30.0993,33.0502,30.9984
sample=026_172835
backend=vulkan
architecture=relateanything_full_v1
pairs=128
predicates=19103
latency_ms=29.0807
iteration_ms=28.7916,29.0487,29.4018
sample=027_198214
backend=vulkan
architecture=relateanything_full_v1
pairs=128
predicates=19103
latency_ms=29.0054
iteration_ms=28.2101,29.6664,29.1398
sample=028_228279
backend=vulkan
architecture=relateanything_full_v1
pairs=128
predicates=19103
latency_ms=32.8952
iteration_ms=31.4282,33.2534,34.0042
sample=029_231594
backend=vulkan
architecture=relateanything_full_v1
pairs=128
predicates=19103
latency_ms=29.6064
iteration_ms=30.0484,29.7787,28.9922
sample=030_239442
backend=vulkan
architecture=relateanything_full_v1
pairs=128
predicates=19103
latency_ms=30.7777
iteration_ms=30.8157,30.9358,30.5816
sample=031_245050
backend=vulkan
architecture=relateanything_full_v1
pairs=128
predicates=19103
latency_ms=28.7093
iteration_ms=29.5543,28.4288,28.1446
sample=032_265747
backend=vulkan
architecture=relateanything_full_v1
pairs=128
predicates=19103
latency_ms=29.1568
iteration_ms=28.5347,30.3681,28.5676
sample=033_266825
backend=vulkan
architecture=relateanything_full_v1
pairs=128
predicates=19103
latency_ms=33.7826
iteration_ms=33.543,33.5553,34.2497
sample=034_280716
backend=vulkan
architecture=relateanything_full_v1
pairs=128
predicates=19103
latency_ms=33.476
iteration_ms=32.2808,33.6447,34.5026
sample=035_300959
backend=vulkan
architecture=relateanything_full_v1
pairs=128
predicates=19103
latency_ms=32.4647
iteration_ms=32.7376,31.3604,33.2962
sample=036_302113
backend=vulkan
architecture=relateanything_full_v1
pairs=128
predicates=19103
latency_ms=32.3821
iteration_ms=29.7103,33.2149,34.2211
sample=037_323754
backend=vulkan
architecture=relateanything_full_v1
pairs=128
predicates=19103
latency_ms=31.0165
iteration_ms=31.1846,30.6676,31.1973
sample=038_358187
backend=vulkan
architecture=relateanything_full_v1
pairs=128
predicates=19103
latency_ms=31.6231
iteration_ms=32.8774,29.8799,32.1119
sample=039_372522
backend=vulkan
architecture=relateanything_full_v1
pairs=128
predicates=19103
latency_ms=35.3797
iteration_ms=34.6923,36.385,35.0617
sample=040_392539
backend=vulkan
architecture=relateanything_full_v1
pairs=128
predicates=19103
latency_ms=32.2199
iteration_ms=30.5897,31.2901,34.7799
sample=041_431358
backend=vulkan
architecture=relateanything_full_v1
pairs=128
predicates=19103
latency_ms=33.8222
iteration_ms=34.0217,31.7565,35.6883
sample=042_433188
backend=vulkan
architecture=relateanything_full_v1
pairs=128
predicates=19103
latency_ms=30.5584
iteration_ms=31.2694,31.1471,29.2587
sample=043_437629
backend=vulkan
architecture=relateanything_full_v1
pairs=128
predicates=19103
latency_ms=28.0136
iteration_ms=29.265,26.6246,28.1513
sample=044_461572
backend=vulkan
architecture=relateanything_full_v1
pairs=128
predicates=19103
latency_ms=32.0224
iteration_ms=30.6525,30.7835,34.6311
sample=045_465589
backend=vulkan
architecture=relateanything_full_v1
pairs=128
predicates=19103
latency_ms=28.9906
iteration_ms=29.841,27.5666,29.5641
sample=046_471413
backend=vulkan
architecture=relateanything_full_v1
pairs=128
predicates=19103
latency_ms=31.606
iteration_ms=31.6335,31.6776,31.507
sample=047_475063
backend=vulkan
architecture=relateanything_full_v1
pairs=128
predicates=19103
latency_ms=30.5183
iteration_ms=28.983,31.1061,31.4657
sample=048_481986
backend=vulkan
architecture=relateanything_full_v1
pairs=128
predicates=19103
latency_ms=31.9714
iteration_ms=33.6825,31.4887,30.7429
sample=049_495397
backend=vulkan
architecture=relateanything_full_v1
pairs=128
predicates=19103
latency_ms=29.2508
iteration_ms=29.3824,29.2533,29.1166
