sample=000_9282
backend=vulkan
architecture=relateanything_full_v1
pairs=128
predicates=19103
latency_ms=43.9817
iteration_ms=43.6495,40.0348,48.2608
sample=001_11355
backend=vulkan
architecture=relateanything_full_v1
pairs=128
predicates=19103
latency_ms=45.054
iteration_ms=42.8329,44.135,48.1941
sample=002_14198
backend=vulkan
architecture=relateanything_full_v1
pairs=128
predicates=19103
latency_ms=40.7435
iteration_ms=41.4735,41.716,39.0409
sample=003_16127
backend=vulkan
architecture=relateanything_full_v1
pairs=128
predicates=19103
latency_ms=41.6537
iteration_ms=42.2897,40.1719,42.4995
sample=004_19163
backend=vulkan
architecture=relateanything_full_v1
pairs=128
predicates=19103
latency_ms=44.229
iteration_ms=45.177,43.3148,44.1953
sample=005_24757
backend=vulkan
architecture=relateanything_full_v1
pairs=128
predicates=19103
latency_ms=42.0889
iteration_ms=40.2297,43.25,42.787
sample=006_27190
backend=vulkan
architecture=relateanything_full_v1
pairs=128
predicates=19103
latency_ms=41.4006
iteration_ms=42.8458,42.5559,38.8
sample=007_52536
backend=vulkan
architecture=relateanything_full_v1
pairs=128
predicates=19103
latency_ms=39.6165
iteration_ms=41.0735,38.3261,39.4499
sample=008_55085
backend=vulkan
architecture=relateanything_full_v1
pairs=128
predicates=19103
latency_ms=43.0132
iteration_ms=40.5942,47.499,40.9463
sample=009_71069
backend=vulkan
architecture=relateanything_full_v1
pairs=128
predicates=19103
latency_ms=40.8527
iteration_ms=41.7132,39.4134,41.4316
sample=010_81185
backend=vulkan
architecture=relateanything_full_v1
pairs=128
predicates=19103
latency_ms=43.3017
iteration_ms=41.3509,44.5473,44.007
sample=011_91806
backend=vulkan
architecture=relateanything_full_v1
pairs=128
predicates=19103
latency_ms=42.0413
iteration_ms=44.5783,40.8951,40.6507
sample=012_92254
backend=vulkan
architecture=relateanything_full_v1
pairs=128
predicates=19103
latency_ms=40.9762
iteration_ms=41.8277,41.0944,40.0064
sample=013_97855
backend=vulkan
architecture=relateanything_full_v1
pairs=128
predicates=19103
latency_ms=44.2034
iteration_ms=43.3818,45.2253,44.003
sample=014_102063
backend=vulkan
architecture=relateanything_full_v1
pairs=128
predicates=19103
latency_ms=41.6932
iteration_ms=43.6294,40.6327,40.8176
sample=015_104029
backend=vulkan
architecture=relateanything_full_v1
pairs=128
predicates=19103
latency_ms=39.1586
iteration_ms=40.1003,38.4663,38.9091
sample=016_115571
backend=vulkan
architecture=relateanything_full_v1
pairs=128
predicates=19103
latency_ms=43.2249
iteration_ms=42.6125,44.0012,43.0609
sample=017_122698
backend=vulkan
architecture=relateanything_full_v1
pairs=128
predicates=19103
latency_ms=38.9908
iteration_ms=39.4998,39.2826,38.1901
sample=018_129927
backend=vulkan
architecture=relateanything_full_v1
pairs=128
predicates=19103
latency_ms=43.6083
iteration_ms=41.9139,44.7752,44.1358
sample=019_134453
backend=vulkan
architecture=relateanything_full_v1
pairs=128
predicates=19103
latency_ms=43.319
iteration_ms=45.0659,42.9528,41.9383
sample=020_143376
backend=vulkan
architecture=relateanything_full_v1
pairs=128
predicates=19103
latency_ms=45.1255
iteration_ms=45.1287,43.0842,47.1636
sample=021_143697
backend=vulkan
architecture=relateanything_full_v1
pairs=128
predicates=19103
latency_ms=44.2645
iteration_ms=45.7014,42.2172,44.875
sample=022_144846
backend=vulkan
architecture=relateanything_full_v1
pairs=128
predicates=19103
latency_ms=43.2017
iteration_ms=42.0707,42.4596,45.0749
sample=023_147904
backend=vulkan
architecture=relateanything_full_v1
pairs=128
predicates=19103
latency_ms=45.082
iteration_ms=45.9647,45.2813,44
sample=024_149460
backend=vulkan
architecture=relateanything_full_v1
pairs=128
predicates=19103
latency_ms=40.7953
iteration_ms=42.2226,40.1194,40.044
sample=025_162793
backend=vulkan
architecture=relateanything_full_v1
pairs=128
predicates=19103
latency_ms=43.3329
iteration_ms=44.5498,44.38,41.069
sample=026_172835
backend=vulkan
architecture=relateanything_full_v1
pairs=128
predicates=19103
latency_ms=39.973
iteration_ms=40.4503,41.4834,37.9852
sample=027_198214
backend=vulkan
architecture=relateanything_full_v1
pairs=128
predicates=19103
latency_ms=40.9598
iteration_ms=41.5125,39.5032,41.8638
sample=028_228279
backend=vulkan
architecture=relateanything_full_v1
pairs=128
predicates=19103
latency_ms=43.1624
iteration_ms=41.5179,42.924,45.0453
sample=029_231594
backend=vulkan
architecture=relateanything_full_v1
pairs=128
predicates=19103
latency_ms=40.7064
iteration_ms=41.2354,38.9549,41.9288
sample=030_239442
backend=vulkan
architecture=relateanything_full_v1
pairs=128
predicates=19103
latency_ms=40.4875
iteration_ms=39.6722,42.0164,39.7739
sample=031_245050
backend=vulkan
architecture=relateanything_full_v1
pairs=128
predicates=19103
latency_ms=40.999
iteration_ms=41.8884,39.3724,41.7361
sample=032_265747
backend=vulkan
architecture=relateanything_full_v1
pairs=128
predicates=19103
latency_ms=39.3092
iteration_ms=39.0578,38.5258,40.344
sample=033_266825
backend=vulkan
architecture=relateanything_full_v1
pairs=128
predicates=19103
latency_ms=43.183
iteration_ms=40.8352,42.9326,45.7813
sample=034_280716
backend=vulkan
architecture=relateanything_full_v1
pairs=128
predicates=19103
latency_ms=44.4025
iteration_ms=45.0223,44.7554,43.4297
sample=035_300959
backend=vulkan
architecture=relateanything_full_v1
pairs=128
predicates=19103
latency_ms=42.8699
iteration_ms=43.6116,40.064,44.934
sample=036_302113
backend=vulkan
architecture=relateanything_full_v1
pairs=128
predicates=19103
latency_ms=42.4762
iteration_ms=41.4351,41.9367,44.0568
sample=037_323754
backend=vulkan
architecture=relateanything_full_v1
pairs=128
predicates=19103
latency_ms=40.3348
iteration_ms=40.5305,41.3184,39.1556
sample=038_358187
backend=vulkan
architecture=relateanything_full_v1
pairs=128
predicates=19103
latency_ms=43.0002
iteration_ms=41.1675,44.3028,43.5302
sample=039_372522
backend=vulkan
architecture=relateanything_full_v1
pairs=128
predicates=19103
latency_ms=43.6834
iteration_ms=43.1299,41.9631,45.9572
sample=040_392539
backend=vulkan
architecture=relateanything_full_v1
pairs=128
predicates=19103
latency_ms=43.5309
iteration_ms=42.2844,44.7967,43.5117
sample=041_431358
backend=vulkan
architecture=relateanything_full_v1
pairs=128
predicates=19103
latency_ms=42.3322
iteration_ms=42.2662,43.0636,41.6668
sample=042_433188
backend=vulkan
architecture=relateanything_full_v1
pairs=128
predicates=19103
latency_ms=40.6053
iteration_ms=40.4387,41.7478,39.6295
sample=043_437629
backend=vulkan
architecture=relateanything_full_v1
pairs=128
predicates=19103
latency_ms=39.7886
iteration_ms=41.5969,39.0788,38.69
sample=044_461572
backend=vulkan
architecture=relateanything_full_v1
pairs=128
predicates=19103
latency_ms=43.347
iteration_ms=45.32,41.3245,43.3965
sample=045_465589
backend=vulkan
architecture=relateanything_full_v1
pairs=128
predicates=19103
latency_ms=37.8191
iteration_ms=38.3422,37.2186,37.8964
sample=046_471413
backend=vulkan
architecture=relateanything_full_v1
pairs=128
predicates=19103
latency_ms=42.5905
iteration_ms=43.4872,44.0513,40.2331
sample=047_475063
backend=vulkan
architecture=relateanything_full_v1
pairs=128
predicates=19103
latency_ms=41.2929
iteration_ms=41.771,41.8525,40.2552
sample=048_481986
backend=vulkan
architecture=relateanything_full_v1
pairs=128
predicates=19103
latency_ms=41.3738
iteration_ms=41.4508,39.3327,43.3378
sample=049_495397
backend=vulkan
architecture=relateanything_full_v1
pairs=128
predicates=19103
latency_ms=41.5615
iteration_ms=40.1823,41.5274,42.9749
