sample=000_9282
backend=cuda
architecture=relateanything_full_v1
pairs=128
predicates=19103
latency_ms=20.3814
iteration_ms=20.3973,20.3772,20.3698
sample=001_11355
backend=cuda
architecture=relateanything_full_v1
pairs=128
predicates=19103
latency_ms=23.6072
iteration_ms=25.7249,22.7691,22.3277
sample=002_14198
backend=cuda
architecture=relateanything_full_v1
pairs=128
predicates=19103
latency_ms=20.58
iteration_ms=20.9997,20.8335,19.9067
sample=003_16127
backend=cuda
architecture=relateanything_full_v1
pairs=128
predicates=19103
latency_ms=20.1993
iteration_ms=20.3474,20.2802,19.9703
sample=004_19163
backend=cuda
architecture=relateanything_full_v1
pairs=128
predicates=19103
latency_ms=23.8643
iteration_ms=25.6575,21.752,24.1832
sample=005_24757
backend=cuda
architecture=relateanything_full_v1
pairs=128
predicates=19103
latency_ms=19.5321
iteration_ms=20.3565,19.4519,18.7879
sample=006_27190
backend=cuda
architecture=relateanything_full_v1
pairs=128
predicates=19103
latency_ms=19.5964
iteration_ms=19.6315,19.6335,19.5243
sample=007_52536
backend=cuda
architecture=relateanything_full_v1
pairs=128
predicates=19103
latency_ms=19.7075
iteration_ms=19.512,19.3595,20.251
sample=008_55085
backend=cuda
architecture=relateanything_full_v1
pairs=128
predicates=19103
latency_ms=19.7279
iteration_ms=19.6547,19.6484,19.8805
sample=009_71069
backend=cuda
architecture=relateanything_full_v1
pairs=128
predicates=19103
latency_ms=19.7445
iteration_ms=19.8908,19.7337,19.6089
sample=010_81185
backend=cuda
architecture=relateanything_full_v1
pairs=128
predicates=19103
latency_ms=22.0999
iteration_ms=22.6728,22.0034,21.6234
sample=011_91806
backend=cuda
architecture=relateanything_full_v1
pairs=128
predicates=19103
latency_ms=21.7995
iteration_ms=21.983,21.5752,21.8402
sample=012_92254
backend=cuda
architecture=relateanything_full_v1
pairs=128
predicates=19103
latency_ms=19.5573
iteration_ms=19.6829,19.7971,19.1919
sample=013_97855
backend=cuda
architecture=relateanything_full_v1
pairs=128
predicates=19103
latency_ms=22.2155
iteration_ms=21.9071,22.0583,22.6811
sample=014_102063
backend=cuda
architecture=relateanything_full_v1
pairs=128
predicates=19103
latency_ms=21.6268
iteration_ms=21.7219,21.8045,21.3541
sample=015_104029
backend=cuda
architecture=relateanything_full_v1
pairs=128
predicates=19103
latency_ms=19.3496
iteration_ms=19.4825,19.1582,19.4082
sample=016_115571
backend=cuda
architecture=relateanything_full_v1
pairs=128
predicates=19103
latency_ms=21.864
iteration_ms=21.9793,21.5993,22.0133
sample=017_122698
backend=cuda
architecture=relateanything_full_v1
pairs=128
predicates=19103
latency_ms=19.1326
iteration_ms=18.8284,19.8823,18.687
sample=018_129927
backend=cuda
architecture=relateanything_full_v1
pairs=128
predicates=19103
latency_ms=21.6947
iteration_ms=21.417,21.8014,21.8658
sample=019_134453
backend=cuda
architecture=relateanything_full_v1
pairs=128
predicates=19103
latency_ms=22.507
iteration_ms=24.8975,21.2291,21.3945
sample=020_143376
backend=cuda
architecture=relateanything_full_v1
pairs=128
predicates=19103
latency_ms=20.8795
iteration_ms=20.6924,21.0037,20.9424
sample=021_143697
backend=cuda
architecture=relateanything_full_v1
pairs=128
predicates=19103
latency_ms=21.6163
iteration_ms=21.7284,21.4642,21.6564
sample=022_144846
backend=cuda
architecture=relateanything_full_v1
pairs=128
predicates=19103
latency_ms=21.0775
iteration_ms=21.278,21.0805,20.874
sample=023_147904
backend=cuda
architecture=relateanything_full_v1
pairs=128
predicates=19103
latency_ms=21.5568
iteration_ms=21.2568,21.8897,21.5239
sample=024_149460
backend=cuda
architecture=relateanything_full_v1
pairs=128
predicates=19103
latency_ms=21.2873
iteration_ms=20.8973,20.1574,22.8071
sample=025_162793
backend=cuda
architecture=relateanything_full_v1
pairs=128
predicates=19103
latency_ms=21.6725
iteration_ms=21.4942,21.0896,22.4337
sample=026_172835
backend=cuda
architecture=relateanything_full_v1
pairs=128
predicates=19103
latency_ms=19.0309
iteration_ms=18.9389,19.1391,19.0148
sample=027_198214
backend=cuda
architecture=relateanything_full_v1
pairs=128
predicates=19103
latency_ms=19.6103
iteration_ms=19.4533,19.592,19.7855
sample=028_228279
backend=cuda
architecture=relateanything_full_v1
pairs=128
predicates=19103
latency_ms=21.6751
iteration_ms=21.8741,21.2918,21.8596
sample=029_231594
backend=cuda
architecture=relateanything_full_v1
pairs=128
predicates=19103
latency_ms=19.7023
iteration_ms=19.5142,19.8982,19.6944
sample=030_239442
backend=cuda
architecture=relateanything_full_v1
pairs=128
predicates=19103
latency_ms=18.929
iteration_ms=19.2652,18.779,18.7429
sample=031_245050
backend=cuda
architecture=relateanything_full_v1
pairs=128
predicates=19103
latency_ms=19.1738
iteration_ms=19.4195,19.0167,19.0853
sample=032_265747
backend=cuda
architecture=relateanything_full_v1
pairs=128
predicates=19103
latency_ms=19.2074
iteration_ms=19.0742,19.022,19.5259
sample=033_266825
backend=cuda
architecture=relateanything_full_v1
pairs=128
predicates=19103
latency_ms=22.015
iteration_ms=21.6857,22.8892,21.4702
sample=034_280716
backend=cuda
architecture=relateanything_full_v1
pairs=128
predicates=19103
latency_ms=22.1685
iteration_ms=21.6853,21.7333,23.0869
sample=035_300959
backend=cuda
architecture=relateanything_full_v1
pairs=128
predicates=19103
latency_ms=21.9398
iteration_ms=22.0301,21.9056,21.8837
sample=036_302113
backend=cuda
architecture=relateanything_full_v1
pairs=128
predicates=19103
latency_ms=22.26
iteration_ms=22.1578,21.7018,22.9202
sample=037_323754
backend=cuda
architecture=relateanything_full_v1
pairs=128
predicates=19103
latency_ms=20.444
iteration_ms=20.3743,20.4455,20.5122
sample=038_358187
backend=cuda
architecture=relateanything_full_v1
pairs=128
predicates=19103
latency_ms=22.3106
iteration_ms=22.3761,22.399,22.1567
sample=039_372522
backend=cuda
architecture=relateanything_full_v1
pairs=128
predicates=19103
latency_ms=24.3114
iteration_ms=22.98,22.9377,27.0164
sample=040_392539
backend=cuda
architecture=relateanything_full_v1
pairs=128
predicates=19103
latency_ms=22.2442
iteration_ms=22.0697,22.4156,22.2472
sample=041_431358
backend=cuda
architecture=relateanything_full_v1
pairs=128
predicates=19103
latency_ms=22.7548
iteration_ms=22.9315,22.8085,22.5245
sample=042_433188
backend=cuda
architecture=relateanything_full_v1
pairs=128
predicates=19103
latency_ms=19.2953
iteration_ms=19.4773,19.1816,19.2271
sample=043_437629
backend=cuda
architecture=relateanything_full_v1
pairs=128
predicates=19103
latency_ms=19.6263
iteration_ms=19.5628,19.8218,19.4945
sample=044_461572
backend=cuda
architecture=relateanything_full_v1
pairs=128
predicates=19103
latency_ms=22.2268
iteration_ms=22.8979,21.9943,21.7881
sample=045_465589
backend=cuda
architecture=relateanything_full_v1
pairs=128
predicates=19103
latency_ms=18.8893
iteration_ms=19.058,18.5848,19.0252
sample=046_471413
backend=cuda
architecture=relateanything_full_v1
pairs=128
predicates=19103
latency_ms=19.6161
iteration_ms=19.3196,19.3161,20.2127
sample=047_475063
backend=cuda
architecture=relateanything_full_v1
pairs=128
predicates=19103
latency_ms=20.7044
iteration_ms=20.0097,20.0297,22.0738
sample=048_481986
backend=cuda
architecture=relateanything_full_v1
pairs=128
predicates=19103
latency_ms=19.615
iteration_ms=19.9281,19.7757,19.1413
sample=049_495397
backend=cuda
architecture=relateanything_full_v1
pairs=128
predicates=19103
latency_ms=19.784
iteration_ms=19.5466,20.3479,19.4575
