sample=000_9282
backend=cuda
architecture=relateanything_full_v1
pairs=128
predicates=19103
latency_ms=22.6013
iteration_ms=22.9626,22.6541,22.1872
sample=001_11355
backend=cuda
architecture=relateanything_full_v1
pairs=128
predicates=19103
latency_ms=24.8041
iteration_ms=26.5808,23.8433,23.9881
sample=002_14198
backend=cuda
architecture=relateanything_full_v1
pairs=128
predicates=19103
latency_ms=22.0028
iteration_ms=23.2901,21.6291,21.0893
sample=003_16127
backend=cuda
architecture=relateanything_full_v1
pairs=128
predicates=19103
latency_ms=21.9267
iteration_ms=22.13,21.5994,22.0507
sample=004_19163
backend=cuda
architecture=relateanything_full_v1
pairs=128
predicates=19103
latency_ms=24.7394
iteration_ms=26.6683,24.2482,23.3017
sample=005_24757
backend=cuda
architecture=relateanything_full_v1
pairs=128
predicates=19103
latency_ms=20.8923
iteration_ms=21.6261,20.5845,20.4663
sample=006_27190
backend=cuda
architecture=relateanything_full_v1
pairs=128
predicates=19103
latency_ms=21.8297
iteration_ms=21.5934,22.2572,21.6386
sample=007_52536
backend=cuda
architecture=relateanything_full_v1
pairs=128
predicates=19103
latency_ms=22.9641
iteration_ms=21.3055,21.6277,25.9591
sample=008_55085
backend=cuda
architecture=relateanything_full_v1
pairs=128
predicates=19103
latency_ms=21.3837
iteration_ms=21.1324,21.2974,21.7213
sample=009_71069
backend=cuda
architecture=relateanything_full_v1
pairs=128
predicates=19103
latency_ms=21.5867
iteration_ms=21.7349,21.6401,21.3851
sample=010_81185
backend=cuda
architecture=relateanything_full_v1
pairs=128
predicates=19103
latency_ms=23.7186
iteration_ms=23.7568,23.8269,23.572
sample=011_91806
backend=cuda
architecture=relateanything_full_v1
pairs=128
predicates=19103
latency_ms=23.6031
iteration_ms=23.344,23.7018,23.7635
sample=012_92254
backend=cuda
architecture=relateanything_full_v1
pairs=128
predicates=19103
latency_ms=21.3745
iteration_ms=21.6534,21.254,21.2161
sample=013_97855
backend=cuda
architecture=relateanything_full_v1
pairs=128
predicates=19103
latency_ms=23.7825
iteration_ms=23.5504,23.8,23.9972
sample=014_102063
backend=cuda
architecture=relateanything_full_v1
pairs=128
predicates=19103
latency_ms=23.1892
iteration_ms=23.2229,23.5125,22.8323
sample=015_104029
backend=cuda
architecture=relateanything_full_v1
pairs=128
predicates=19103
latency_ms=20.3547
iteration_ms=20.3921,20.339,20.333
sample=016_115571
backend=cuda
architecture=relateanything_full_v1
pairs=128
predicates=19103
latency_ms=24.0257
iteration_ms=23.0533,24.6732,24.3507
sample=017_122698
backend=cuda
architecture=relateanything_full_v1
pairs=128
predicates=19103
latency_ms=20.8567
iteration_ms=20.6947,21.4006,20.4747
sample=018_129927
backend=cuda
architecture=relateanything_full_v1
pairs=128
predicates=19103
latency_ms=23.7261
iteration_ms=24.69,23.366,23.1221
sample=019_134453
backend=cuda
architecture=relateanything_full_v1
pairs=128
predicates=19103
latency_ms=23.6876
iteration_ms=25.9271,22.5867,22.5489
sample=020_143376
backend=cuda
architecture=relateanything_full_v1
pairs=128
predicates=19103
latency_ms=23.396
iteration_ms=24.1755,22.9117,23.1009
sample=021_143697
backend=cuda
architecture=relateanything_full_v1
pairs=128
predicates=19103
latency_ms=24.8416
iteration_ms=23.901,27.1019,23.5221
sample=022_144846
backend=cuda
architecture=relateanything_full_v1
pairs=128
predicates=19103
latency_ms=23.0326
iteration_ms=23.1669,23.0261,22.9047
sample=023_147904
backend=cuda
architecture=relateanything_full_v1
pairs=128
predicates=19103
latency_ms=22.739
iteration_ms=22.8387,22.6891,22.6891
sample=024_149460
backend=cuda
architecture=relateanything_full_v1
pairs=128
predicates=19103
latency_ms=20.8176
iteration_ms=20.7951,20.8001,20.8577
sample=025_162793
backend=cuda
architecture=relateanything_full_v1
pairs=128
predicates=19103
latency_ms=23.3194
iteration_ms=23.3622,23.9419,22.6542
sample=026_172835
backend=cuda
architecture=relateanything_full_v1
pairs=128
predicates=19103
latency_ms=20.3785
iteration_ms=20.6019,20.1367,20.3968
sample=027_198214
backend=cuda
architecture=relateanything_full_v1
pairs=128
predicates=19103
latency_ms=20.8923
iteration_ms=20.9139,20.8514,20.9116
sample=028_228279
backend=cuda
architecture=relateanything_full_v1
pairs=128
predicates=19103
latency_ms=23.312
iteration_ms=23.3585,23.3536,23.2238
sample=029_231594
backend=cuda
architecture=relateanything_full_v1
pairs=128
predicates=19103
latency_ms=20.9352
iteration_ms=20.9726,20.7882,21.0448
sample=030_239442
backend=cuda
architecture=relateanything_full_v1
pairs=128
predicates=19103
latency_ms=21.1466
iteration_ms=21.4722,21.0489,20.9188
sample=031_245050
backend=cuda
architecture=relateanything_full_v1
pairs=128
predicates=19103
latency_ms=21.1631
iteration_ms=20.9481,21.3999,21.1414
sample=032_265747
backend=cuda
architecture=relateanything_full_v1
pairs=128
predicates=19103
latency_ms=20.5801
iteration_ms=20.6553,20.5294,20.5556
sample=033_266825
backend=cuda
architecture=relateanything_full_v1
pairs=128
predicates=19103
latency_ms=23.6045
iteration_ms=23.2599,24.1991,23.3545
sample=034_280716
backend=cuda
architecture=relateanything_full_v1
pairs=128
predicates=19103
latency_ms=23.6006
iteration_ms=23.8295,23.3796,23.5928
sample=035_300959
backend=cuda
architecture=relateanything_full_v1
pairs=128
predicates=19103
latency_ms=24.1768
iteration_ms=23.6399,23.6824,25.208
sample=036_302113
backend=cuda
architecture=relateanything_full_v1
pairs=128
predicates=19103
latency_ms=23.6729
iteration_ms=23.7973,23.594,23.6275
sample=037_323754
backend=cuda
architecture=relateanything_full_v1
pairs=128
predicates=19103
latency_ms=21.5731
iteration_ms=21.4045,21.2928,22.0221
sample=038_358187
backend=cuda
architecture=relateanything_full_v1
pairs=128
predicates=19103
latency_ms=23.4199
iteration_ms=23.184,23.5243,23.5515
sample=039_372522
backend=cuda
architecture=relateanything_full_v1
pairs=128
predicates=19103
latency_ms=24.2576
iteration_ms=24.3365,24.0598,24.3765
sample=040_392539
backend=cuda
architecture=relateanything_full_v1
pairs=128
predicates=19103
latency_ms=24.1739
iteration_ms=24.242,24.0346,24.245
sample=041_431358
backend=cuda
architecture=relateanything_full_v1
pairs=128
predicates=19103
latency_ms=24.1315
iteration_ms=24.3401,24.1668,23.8876
sample=042_433188
backend=cuda
architecture=relateanything_full_v1
pairs=128
predicates=19103
latency_ms=21.2039
iteration_ms=21.309,21.3726,20.9301
sample=043_437629
backend=cuda
architecture=relateanything_full_v1
pairs=128
predicates=19103
latency_ms=21.7618
iteration_ms=21.9164,21.982,21.3871
sample=044_461572
backend=cuda
architecture=relateanything_full_v1
pairs=128
predicates=19103
latency_ms=24.9388
iteration_ms=25.3693,25.2388,24.2083
sample=045_465589
backend=cuda
architecture=relateanything_full_v1
pairs=128
predicates=19103
latency_ms=21.3713
iteration_ms=21.2543,22.1129,20.7469
sample=046_471413
backend=cuda
architecture=relateanything_full_v1
pairs=128
predicates=19103
latency_ms=22.0665
iteration_ms=21.8747,22.3602,21.9645
sample=047_475063
backend=cuda
architecture=relateanything_full_v1
pairs=128
predicates=19103
latency_ms=21.1273
iteration_ms=20.8702,21.2771,21.2346
sample=048_481986
backend=cuda
architecture=relateanything_full_v1
pairs=128
predicates=19103
latency_ms=22.0633
iteration_ms=22.4474,22.1051,21.6373
sample=049_495397
backend=cuda
architecture=relateanything_full_v1
pairs=128
predicates=19103
latency_ms=21.9723
iteration_ms=20.7612,24.3404,20.8153
