sample=000_9282
backend=vulkan
architecture=relateanything_full_v1
pairs=128
predicates=19103
latency_ms=28.4464
iteration_ms=29.6491,26.7655,28.9246
sample=001_11355
backend=vulkan
architecture=relateanything_full_v1
pairs=128
predicates=19103
latency_ms=31.9953
iteration_ms=33.4274,29.4797,33.0789
sample=002_14198
backend=vulkan
architecture=relateanything_full_v1
pairs=128
predicates=19103
latency_ms=29.9897
iteration_ms=33.4962,28.6858,27.7872
sample=003_16127
backend=vulkan
architecture=relateanything_full_v1
pairs=128
predicates=19103
latency_ms=28.452
iteration_ms=29.2727,26.8528,29.2304
sample=004_19163
backend=vulkan
architecture=relateanything_full_v1
pairs=128
predicates=19103
latency_ms=28.8564
iteration_ms=26.9538,31.8625,27.753
sample=005_24757
backend=vulkan
architecture=relateanything_full_v1
pairs=128
predicates=19103
latency_ms=27.4639
iteration_ms=26.0216,29.4489,26.9214
sample=006_27190
backend=vulkan
architecture=relateanything_full_v1
pairs=128
predicates=19103
latency_ms=29.2156
iteration_ms=29.6316,29.8206,28.1945
sample=007_52536
backend=vulkan
architecture=relateanything_full_v1
pairs=128
predicates=19103
latency_ms=27.6935
iteration_ms=27.3184,27.8126,27.9494
sample=008_55085
backend=vulkan
architecture=relateanything_full_v1
pairs=128
predicates=19103
latency_ms=27.3564
iteration_ms=28.7143,27.6515,25.7035
sample=009_71069
backend=vulkan
architecture=relateanything_full_v1
pairs=128
predicates=19103
latency_ms=28.483
iteration_ms=25.7995,30.7474,28.9022
sample=010_81185
backend=vulkan
architecture=relateanything_full_v1
pairs=128
predicates=19103
latency_ms=31.6675
iteration_ms=29.05,33.2407,32.7118
sample=011_91806
backend=vulkan
architecture=relateanything_full_v1
pairs=128
predicates=19103
latency_ms=28.6106
iteration_ms=30.6392,27.461,27.7315
sample=012_92254
backend=vulkan
architecture=relateanything_full_v1
pairs=128
predicates=19103
latency_ms=27.4998
iteration_ms=26.464,27.6319,28.4035
sample=013_97855
backend=vulkan
architecture=relateanything_full_v1
pairs=128
predicates=19103
latency_ms=29.4569
iteration_ms=29.3868,28.9194,30.0644
sample=014_102063
backend=vulkan
architecture=relateanything_full_v1
pairs=128
predicates=19103
latency_ms=30.1434
iteration_ms=28.9404,31.5579,29.932
sample=015_104029
backend=vulkan
architecture=relateanything_full_v1
pairs=128
predicates=19103
latency_ms=26.8888
iteration_ms=25.174,27.6608,27.8317
sample=016_115571
backend=vulkan
architecture=relateanything_full_v1
pairs=128
predicates=19103
latency_ms=30.3153
iteration_ms=28.6687,30.2204,32.057
sample=017_122698
backend=vulkan
architecture=relateanything_full_v1
pairs=128
predicates=19103
latency_ms=26.7758
iteration_ms=26.6662,26.9629,26.6983
sample=018_129927
backend=vulkan
architecture=relateanything_full_v1
pairs=128
predicates=19103
latency_ms=30.1386
iteration_ms=27.8539,32.2624,30.2996
sample=019_134453
backend=vulkan
architecture=relateanything_full_v1
pairs=128
predicates=19103
latency_ms=30.0555
iteration_ms=27.9657,31.9424,30.2584
sample=020_143376
backend=vulkan
architecture=relateanything_full_v1
pairs=128
predicates=19103
latency_ms=30.3134
iteration_ms=28.9633,32.2902,29.6867
sample=021_143697
backend=vulkan
architecture=relateanything_full_v1
pairs=128
predicates=19103
latency_ms=31.5065
iteration_ms=33.1987,29.6423,31.6785
sample=022_144846
backend=vulkan
architecture=relateanything_full_v1
pairs=128
predicates=19103
latency_ms=29.8719
iteration_ms=28.5605,31.0916,29.9637
sample=023_147904
backend=vulkan
architecture=relateanything_full_v1
pairs=128
predicates=19103
latency_ms=30.2009
iteration_ms=28.9995,30.7909,30.8125
sample=024_149460
backend=vulkan
architecture=relateanything_full_v1
pairs=128
predicates=19103
latency_ms=27.8957
iteration_ms=29.1983,26.5568,27.9319
sample=025_162793
backend=vulkan
architecture=relateanything_full_v1
pairs=128
predicates=19103
latency_ms=29.3589
iteration_ms=32.0747,28.1361,27.866
sample=026_172835
backend=vulkan
architecture=relateanything_full_v1
pairs=128
predicates=19103
latency_ms=26.5164
iteration_ms=25.8279,27.1801,26.5411
sample=027_198214
backend=vulkan
architecture=relateanything_full_v1
pairs=128
predicates=19103
latency_ms=27.6677
iteration_ms=26.741,28.007,28.2551
sample=028_228279
backend=vulkan
architecture=relateanything_full_v1
pairs=128
predicates=19103
latency_ms=30.5209
iteration_ms=31.1568,30.4622,29.9435
sample=029_231594
backend=vulkan
architecture=relateanything_full_v1
pairs=128
predicates=19103
latency_ms=28.9686
iteration_ms=27.241,29.2216,30.4433
sample=030_239442
backend=vulkan
architecture=relateanything_full_v1
pairs=128
predicates=19103
latency_ms=28.2612
iteration_ms=27.6793,29.0221,28.0824
sample=031_245050
backend=vulkan
architecture=relateanything_full_v1
pairs=128
predicates=19103
latency_ms=27.1368
iteration_ms=28.2525,27.3792,25.7788
sample=032_265747
backend=vulkan
architecture=relateanything_full_v1
pairs=128
predicates=19103
latency_ms=28.7409
iteration_ms=26.8099,30.8049,28.6079
sample=033_266825
backend=vulkan
architecture=relateanything_full_v1
pairs=128
predicates=19103
latency_ms=31.2246
iteration_ms=31.1229,30.927,31.6241
sample=034_280716
backend=vulkan
architecture=relateanything_full_v1
pairs=128
predicates=19103
latency_ms=33.2108
iteration_ms=30.3748,39.4589,29.7987
sample=035_300959
backend=vulkan
architecture=relateanything_full_v1
pairs=128
predicates=19103
latency_ms=29.9829
iteration_ms=28.6216,31.3224,30.0046
sample=036_302113
backend=vulkan
architecture=relateanything_full_v1
pairs=128
predicates=19103
latency_ms=30.1114
iteration_ms=29.1168,31.06,30.1573
sample=037_323754
backend=vulkan
architecture=relateanything_full_v1
pairs=128
predicates=19103
latency_ms=27.428
iteration_ms=27.9775,26.1762,28.1304
sample=038_358187
backend=vulkan
architecture=relateanything_full_v1
pairs=128
predicates=19103
latency_ms=29.7268
iteration_ms=27.9005,30.2824,30.9975
sample=039_372522
backend=vulkan
architecture=relateanything_full_v1
pairs=128
predicates=19103
latency_ms=30.6237
iteration_ms=28.8827,31.1021,31.8862
sample=040_392539
backend=vulkan
architecture=relateanything_full_v1
pairs=128
predicates=19103
latency_ms=31.4625
iteration_ms=29.0821,32.3248,32.9808
sample=041_431358
backend=vulkan
architecture=relateanything_full_v1
pairs=128
predicates=19103
latency_ms=31.0295
iteration_ms=29.2989,30.7468,33.0427
sample=042_433188
backend=vulkan
architecture=relateanything_full_v1
pairs=128
predicates=19103
latency_ms=26.7704
iteration_ms=25.5772,26.9994,27.7345
sample=043_437629
backend=vulkan
architecture=relateanything_full_v1
pairs=128
predicates=19103
latency_ms=27.7084
iteration_ms=27.2314,28.2257,27.668
sample=044_461572
backend=vulkan
architecture=relateanything_full_v1
pairs=128
predicates=19103
latency_ms=32.8915
iteration_ms=30.4432,31.2567,36.9747
sample=045_465589
backend=vulkan
architecture=relateanything_full_v1
pairs=128
predicates=19103
latency_ms=26.8829
iteration_ms=27.7722,25.6881,27.1883
sample=046_471413
backend=vulkan
architecture=relateanything_full_v1
pairs=128
predicates=19103
latency_ms=29.3348
iteration_ms=29.0695,29.4169,29.5181
sample=047_475063
backend=vulkan
architecture=relateanything_full_v1
pairs=128
predicates=19103
latency_ms=26.9517
iteration_ms=26.6716,26.0349,28.1487
sample=048_481986
backend=vulkan
architecture=relateanything_full_v1
pairs=128
predicates=19103
latency_ms=26.7741
iteration_ms=25.6779,27.007,27.6373
sample=049_495397
backend=vulkan
architecture=relateanything_full_v1
pairs=128
predicates=19103
latency_ms=25.6339
iteration_ms=26.7572,24.6721,25.4723
