sample=000_9282
backend=cuda
architecture=relateanything_full_v1
pairs=128
predicates=19103
latency_ms=39.2181
iteration_ms=39.2157,39.7344,38.7041
sample=001_11355
backend=cuda
architecture=relateanything_full_v1
pairs=128
predicates=19103
latency_ms=42.7876
iteration_ms=45.0261,42.008,41.3286
sample=002_14198
backend=cuda
architecture=relateanything_full_v1
pairs=128
predicates=19103
latency_ms=41.485
iteration_ms=42.6233,41.0325,40.7993
sample=003_16127
backend=cuda
architecture=relateanything_full_v1
pairs=128
predicates=19103
latency_ms=41.6936
iteration_ms=42.7811,41.3636,40.9362
sample=004_19163
backend=cuda
architecture=relateanything_full_v1
pairs=128
predicates=19103
latency_ms=43.3642
iteration_ms=43.9074,42.7813,43.404
sample=005_24757
backend=cuda
architecture=relateanything_full_v1
pairs=128
predicates=19103
latency_ms=40.6489
iteration_ms=43.1489,40.327,38.471
sample=006_27190
backend=cuda
architecture=relateanything_full_v1
pairs=128
predicates=19103
latency_ms=39.6436
iteration_ms=40.6673,38.979,39.2844
sample=007_52536
backend=cuda
architecture=relateanything_full_v1
pairs=128
predicates=19103
latency_ms=39.4687
iteration_ms=40.222,39.197,38.9873
sample=008_55085
backend=cuda
architecture=relateanything_full_v1
pairs=128
predicates=19103
latency_ms=38.8404
iteration_ms=39.2725,39.0539,38.1949
sample=009_71069
backend=cuda
architecture=relateanything_full_v1
pairs=128
predicates=19103
latency_ms=38.4557
iteration_ms=38.783,38.3353,38.2488
sample=010_81185
backend=cuda
architecture=relateanything_full_v1
pairs=128
predicates=19103
latency_ms=43.5251
iteration_ms=42.1527,43.0135,45.409
sample=011_91806
backend=cuda
architecture=relateanything_full_v1
pairs=128
predicates=19103
latency_ms=42.1863
iteration_ms=42.1199,41.5724,42.8667
sample=012_92254
backend=cuda
architecture=relateanything_full_v1
pairs=128
predicates=19103
latency_ms=39.7061
iteration_ms=40.0023,39.3988,39.7174
sample=013_97855
backend=cuda
architecture=relateanything_full_v1
pairs=128
predicates=19103
latency_ms=42.0724
iteration_ms=42.0399,42.1886,41.9886
sample=014_102063
backend=cuda
architecture=relateanything_full_v1
pairs=128
predicates=19103
latency_ms=43.0245
iteration_ms=43.5246,42.6206,42.9283
sample=015_104029
backend=cuda
architecture=relateanything_full_v1
pairs=128
predicates=19103
latency_ms=39.9879
iteration_ms=40.2577,40.2957,39.4103
sample=016_115571
backend=cuda
architecture=relateanything_full_v1
pairs=128
predicates=19103
latency_ms=41.7888
iteration_ms=42.3839,41.6202,41.3623
sample=017_122698
backend=cuda
architecture=relateanything_full_v1
pairs=128
predicates=19103
latency_ms=37.9588
iteration_ms=37.38,38.6609,37.8354
sample=018_129927
backend=cuda
architecture=relateanything_full_v1
pairs=128
predicates=19103
latency_ms=43.1889
iteration_ms=41.579,41.5206,46.4672
sample=019_134453
backend=cuda
architecture=relateanything_full_v1
pairs=128
predicates=19103
latency_ms=42.2265
iteration_ms=42.3636,42.1769,42.1391
sample=020_143376
backend=cuda
architecture=relateanything_full_v1
pairs=128
predicates=19103
latency_ms=41.4671
iteration_ms=41.2981,40.9623,42.141
sample=021_143697
backend=cuda
architecture=relateanything_full_v1
pairs=128
predicates=19103
latency_ms=41.9505
iteration_ms=41.6898,42.6449,41.5168
sample=022_144846
backend=cuda
architecture=relateanything_full_v1
pairs=128
predicates=19103
latency_ms=41.7679
iteration_ms=41.7406,40.9423,42.6209
sample=023_147904
backend=cuda
architecture=relateanything_full_v1
pairs=128
predicates=19103
latency_ms=42.6468
iteration_ms=42.8863,42.4086,42.6455
sample=024_149460
backend=cuda
architecture=relateanything_full_v1
pairs=128
predicates=19103
latency_ms=39.9575
iteration_ms=40.3103,39.6221,39.94
sample=025_162793
backend=cuda
architecture=relateanything_full_v1
pairs=128
predicates=19103
latency_ms=41.4537
iteration_ms=41.0914,41.6303,41.6392
sample=026_172835
backend=cuda
architecture=relateanything_full_v1
pairs=128
predicates=19103
latency_ms=42.1225
iteration_ms=39.7685,45.0583,41.5408
sample=027_198214
backend=cuda
architecture=relateanything_full_v1
pairs=128
predicates=19103
latency_ms=40.3108
iteration_ms=40.281,41.0111,39.6402
sample=028_228279
backend=cuda
architecture=relateanything_full_v1
pairs=128
predicates=19103
latency_ms=41.0179
iteration_ms=40.4216,40.4178,42.2142
sample=029_231594
backend=cuda
architecture=relateanything_full_v1
pairs=128
predicates=19103
latency_ms=40.2179
iteration_ms=40.9712,39.9464,39.736
sample=030_239442
backend=cuda
architecture=relateanything_full_v1
pairs=128
predicates=19103
latency_ms=39.4928
iteration_ms=39.1112,39.2925,40.0749
sample=031_245050
backend=cuda
architecture=relateanything_full_v1
pairs=128
predicates=19103
latency_ms=39.2586
iteration_ms=39.1092,39.8138,38.8529
sample=032_265747
backend=cuda
architecture=relateanything_full_v1
pairs=128
predicates=19103
latency_ms=38.4098
iteration_ms=38.819,38.2121,38.1982
sample=033_266825
backend=cuda
architecture=relateanything_full_v1
pairs=128
predicates=19103
latency_ms=40.2963
iteration_ms=40.4621,40.2259,40.201
sample=034_280716
backend=cuda
architecture=relateanything_full_v1
pairs=128
predicates=19103
latency_ms=44.8397
iteration_ms=44.397,47.5813,42.5407
sample=035_300959
backend=cuda
architecture=relateanything_full_v1
pairs=128
predicates=19103
latency_ms=42.4764
iteration_ms=42.8166,42.1808,42.4318
sample=036_302113
backend=cuda
architecture=relateanything_full_v1
pairs=128
predicates=19103
latency_ms=41.5835
iteration_ms=41.489,41.8083,41.4531
sample=037_323754
backend=cuda
architecture=relateanything_full_v1
pairs=128
predicates=19103
latency_ms=39.7035
iteration_ms=39.7076,40.0467,39.356
sample=038_358187
backend=cuda
architecture=relateanything_full_v1
pairs=128
predicates=19103
latency_ms=41.5806
iteration_ms=41.4407,41.4485,41.8527
sample=039_372522
backend=cuda
architecture=relateanything_full_v1
pairs=128
predicates=19103
latency_ms=43.6374
iteration_ms=44.6795,43.442,42.7908
sample=040_392539
backend=cuda
architecture=relateanything_full_v1
pairs=128
predicates=19103
latency_ms=41.3412
iteration_ms=42.003,41.0116,41.0088
sample=041_431358
backend=cuda
architecture=relateanything_full_v1
pairs=128
predicates=19103
latency_ms=42.1067
iteration_ms=41.2225,42.5118,42.5858
sample=042_433188
backend=cuda
architecture=relateanything_full_v1
pairs=128
predicates=19103
latency_ms=41.353
iteration_ms=44.6612,39.7112,39.6864
sample=043_437629
backend=cuda
architecture=relateanything_full_v1
pairs=128
predicates=19103
latency_ms=39.2712
iteration_ms=38.9513,39.4726,39.3898
sample=044_461572
backend=cuda
architecture=relateanything_full_v1
pairs=128
predicates=19103
latency_ms=42.3651
iteration_ms=42.263,42.4231,42.4092
sample=045_465589
backend=cuda
architecture=relateanything_full_v1
pairs=128
predicates=19103
latency_ms=39.2049
iteration_ms=39.0194,39.5688,39.0264
sample=046_471413
backend=cuda
architecture=relateanything_full_v1
pairs=128
predicates=19103
latency_ms=41.2483
iteration_ms=40.3903,41.2116,42.143
sample=047_475063
backend=cuda
architecture=relateanything_full_v1
pairs=128
predicates=19103
latency_ms=40.6467
iteration_ms=39.5674,40.9496,41.423
sample=048_481986
backend=cuda
architecture=relateanything_full_v1
pairs=128
predicates=19103
latency_ms=38.729
iteration_ms=39.0729,38.4268,38.6873
sample=049_495397
backend=cuda
architecture=relateanything_full_v1
pairs=128
predicates=19103
latency_ms=38.4414
iteration_ms=37.9166,38.8444,38.5632
