sample=000_9282
backend=vulkan
architecture=relateanything_full_v1
pairs=128
predicates=19103
latency_ms=42.7579
iteration_ms=42.2483,41.6548,44.3704
sample=001_11355
backend=vulkan
architecture=relateanything_full_v1
pairs=128
predicates=19103
latency_ms=48.385
iteration_ms=47.1775,50.2374,47.74
sample=002_14198
backend=vulkan
architecture=relateanything_full_v1
pairs=128
predicates=19103
latency_ms=42.3931
iteration_ms=41.5627,43.8008,41.8157
sample=003_16127
backend=vulkan
architecture=relateanything_full_v1
pairs=128
predicates=19103
latency_ms=42.5033
iteration_ms=43.1214,42.2507,42.1379
sample=004_19163
backend=vulkan
architecture=relateanything_full_v1
pairs=128
predicates=19103
latency_ms=45.6833
iteration_ms=44.8587,45.8377,46.3534
sample=005_24757
backend=vulkan
architecture=relateanything_full_v1
pairs=128
predicates=19103
latency_ms=41.0324
iteration_ms=40.7426,42.2562,40.0985
sample=006_27190
backend=vulkan
architecture=relateanything_full_v1
pairs=128
predicates=19103
latency_ms=41.0793
iteration_ms=43.7442,39.945,39.5487
sample=007_52536
backend=vulkan
architecture=relateanything_full_v1
pairs=128
predicates=19103
latency_ms=42.1954
iteration_ms=41.4626,43.274,41.8497
sample=008_55085
backend=vulkan
architecture=relateanything_full_v1
pairs=128
predicates=19103
latency_ms=41.6636
iteration_ms=42.3101,42.7477,39.9329
sample=009_71069
backend=vulkan
architecture=relateanything_full_v1
pairs=128
predicates=19103
latency_ms=41.768
iteration_ms=42.5554,42.0855,40.663
sample=010_81185
backend=vulkan
architecture=relateanything_full_v1
pairs=128
predicates=19103
latency_ms=45.8886
iteration_ms=43.044,47.8743,46.7475
sample=011_91806
backend=vulkan
architecture=relateanything_full_v1
pairs=128
predicates=19103
latency_ms=44.6192
iteration_ms=44.7823,44.2894,44.7859
sample=012_92254
backend=vulkan
architecture=relateanything_full_v1
pairs=128
predicates=19103
latency_ms=41.2991
iteration_ms=42.7343,40.431,40.7319
sample=013_97855
backend=vulkan
architecture=relateanything_full_v1
pairs=128
predicates=19103
latency_ms=43.8436
iteration_ms=42.6044,42.5864,46.34
sample=014_102063
backend=vulkan
architecture=relateanything_full_v1
pairs=128
predicates=19103
latency_ms=44.0069
iteration_ms=43.3759,44.9024,43.7425
sample=015_104029
backend=vulkan
architecture=relateanything_full_v1
pairs=128
predicates=19103
latency_ms=41.3593
iteration_ms=41.3179,40.3872,42.3729
sample=016_115571
backend=vulkan
architecture=relateanything_full_v1
pairs=128
predicates=19103
latency_ms=43.9339
iteration_ms=44.1099,46.1147,41.5771
sample=017_122698
backend=vulkan
architecture=relateanything_full_v1
pairs=128
predicates=19103
latency_ms=39.5926
iteration_ms=39.6782,38.5102,40.5894
sample=018_129927
backend=vulkan
architecture=relateanything_full_v1
pairs=128
predicates=19103
latency_ms=44.5198
iteration_ms=43.5301,45.763,44.2664
sample=019_134453
backend=vulkan
architecture=relateanything_full_v1
pairs=128
predicates=19103
latency_ms=43.4709
iteration_ms=43.4435,44.8142,42.1549
sample=020_143376
backend=vulkan
architecture=relateanything_full_v1
pairs=128
predicates=19103
latency_ms=45.1707
iteration_ms=42.3036,46.5728,46.6359
sample=021_143697
backend=vulkan
architecture=relateanything_full_v1
pairs=128
predicates=19103
latency_ms=45.8478
iteration_ms=45.5275,46.1734,45.8424
sample=022_144846
backend=vulkan
architecture=relateanything_full_v1
pairs=128
predicates=19103
latency_ms=43.7472
iteration_ms=43.4328,45.175,42.6338
sample=023_147904
backend=vulkan
architecture=relateanything_full_v1
pairs=128
predicates=19103
latency_ms=46.4158
iteration_ms=43.7064,50.7267,44.8142
sample=024_149460
backend=vulkan
architecture=relateanything_full_v1
pairs=128
predicates=19103
latency_ms=42.637
iteration_ms=42.2606,42.004,43.6464
sample=025_162793
backend=vulkan
architecture=relateanything_full_v1
pairs=128
predicates=19103
latency_ms=45.7106
iteration_ms=45.5756,45.8446,45.7116
sample=026_172835
backend=vulkan
architecture=relateanything_full_v1
pairs=128
predicates=19103
latency_ms=41.2154
iteration_ms=41.6791,41.9541,40.013
sample=027_198214
backend=vulkan
architecture=relateanything_full_v1
pairs=128
predicates=19103
latency_ms=42.2507
iteration_ms=42.9018,40.5131,43.3371
sample=028_228279
backend=vulkan
architecture=relateanything_full_v1
pairs=128
predicates=19103
latency_ms=45.7525
iteration_ms=45.9181,45.7293,45.6101
sample=029_231594
backend=vulkan
architecture=relateanything_full_v1
pairs=128
predicates=19103
latency_ms=41.3669
iteration_ms=41.9126,42.7274,39.4607
sample=030_239442
backend=vulkan
architecture=relateanything_full_v1
pairs=128
predicates=19103
latency_ms=41.9716
iteration_ms=41.5688,40.5173,43.8286
sample=031_245050
backend=vulkan
architecture=relateanything_full_v1
pairs=128
predicates=19103
latency_ms=42.716
iteration_ms=45.5961,40.2752,42.2767
sample=032_265747
backend=vulkan
architecture=relateanything_full_v1
pairs=128
predicates=19103
latency_ms=40.942
iteration_ms=40.2712,42.7618,39.7929
sample=033_266825
backend=vulkan
architecture=relateanything_full_v1
pairs=128
predicates=19103
latency_ms=44.4974
iteration_ms=42.9851,47.7146,42.7924
sample=034_280716
backend=vulkan
architecture=relateanything_full_v1
pairs=128
predicates=19103
latency_ms=44.0642
iteration_ms=44.7479,45.1647,42.2802
sample=035_300959
backend=vulkan
architecture=relateanything_full_v1
pairs=128
predicates=19103
latency_ms=43.1442
iteration_ms=41.6142,45.5402,42.2781
sample=036_302113
backend=vulkan
architecture=relateanything_full_v1
pairs=128
predicates=19103
latency_ms=42.2763
iteration_ms=42.4031,43.3352,41.0906
sample=037_323754
backend=vulkan
architecture=relateanything_full_v1
pairs=128
predicates=19103
latency_ms=40.5019
iteration_ms=39.3507,41.2528,40.9022
sample=038_358187
backend=vulkan
architecture=relateanything_full_v1
pairs=128
predicates=19103
latency_ms=44.3025
iteration_ms=44.4006,46.4576,42.0493
sample=039_372522
backend=vulkan
architecture=relateanything_full_v1
pairs=128
predicates=19103
latency_ms=43.1716
iteration_ms=43.4744,43.1141,42.9262
sample=040_392539
backend=vulkan
architecture=relateanything_full_v1
pairs=128
predicates=19103
latency_ms=43.8498
iteration_ms=43.7121,43.0437,44.7936
sample=041_431358
backend=vulkan
architecture=relateanything_full_v1
pairs=128
predicates=19103
latency_ms=42.9249
iteration_ms=42.8769,42.2925,43.6054
sample=042_433188
backend=vulkan
architecture=relateanything_full_v1
pairs=128
predicates=19103
latency_ms=40.0109
iteration_ms=39.771,40.2647,39.9971
sample=043_437629
backend=vulkan
architecture=relateanything_full_v1
pairs=128
predicates=19103
latency_ms=39.7935
iteration_ms=39.1819,39.378,40.8207
sample=044_461572
backend=vulkan
architecture=relateanything_full_v1
pairs=128
predicates=19103
latency_ms=42.9831
iteration_ms=41.7279,42.526,44.6955
sample=045_465589
backend=vulkan
architecture=relateanything_full_v1
pairs=128
predicates=19103
latency_ms=41.1498
iteration_ms=41.2696,40.6018,41.578
sample=046_471413
backend=vulkan
architecture=relateanything_full_v1
pairs=128
predicates=19103
latency_ms=43.4688
iteration_ms=46.5379,40.298,43.5705
sample=047_475063
backend=vulkan
architecture=relateanything_full_v1
pairs=128
predicates=19103
latency_ms=41.8318
iteration_ms=42.6267,40.248,42.6208
sample=048_481986
backend=vulkan
architecture=relateanything_full_v1
pairs=128
predicates=19103
latency_ms=42.9929
iteration_ms=42.0842,43.6937,43.2008
sample=049_495397
backend=vulkan
architecture=relateanything_full_v1
pairs=128
predicates=19103
latency_ms=40.7717
iteration_ms=40.1599,40.8227,41.3324
