sample=000_9282
backend=cuda
architecture=relateanything_full_v1
pairs=128
predicates=19103
latency_ms=28.323
iteration_ms=29.0891,27.8376,28.0424
sample=001_11355
backend=cuda
architecture=relateanything_full_v1
pairs=128
predicates=19103
latency_ms=32.1413
iteration_ms=34.2062,31.3721,30.8457
sample=002_14198
backend=cuda
architecture=relateanything_full_v1
pairs=128
predicates=19103
latency_ms=30.4471
iteration_ms=33.7985,28.8681,28.6748
sample=003_16127
backend=cuda
architecture=relateanything_full_v1
pairs=128
predicates=19103
latency_ms=32.3494
iteration_ms=37.566,30.1599,29.3224
sample=004_19163
backend=cuda
architecture=relateanything_full_v1
pairs=128
predicates=19103
latency_ms=31.9913
iteration_ms=34.4876,30.8526,30.6336
sample=005_24757
backend=cuda
architecture=relateanything_full_v1
pairs=128
predicates=19103
latency_ms=28.9496
iteration_ms=31.8636,28.3909,26.5942
sample=006_27190
backend=cuda
architecture=relateanything_full_v1
pairs=128
predicates=19103
latency_ms=28.2241
iteration_ms=29.7413,27.6676,27.2633
sample=007_52536
backend=cuda
architecture=relateanything_full_v1
pairs=128
predicates=19103
latency_ms=26.5131
iteration_ms=26.6022,26.4338,26.5034
sample=008_55085
backend=cuda
architecture=relateanything_full_v1
pairs=128
predicates=19103
latency_ms=26.58
iteration_ms=26.5262,26.8205,26.3932
sample=009_71069
backend=cuda
architecture=relateanything_full_v1
pairs=128
predicates=19103
latency_ms=27.1599
iteration_ms=26.8382,27.8088,26.8327
sample=010_81185
backend=cuda
architecture=relateanything_full_v1
pairs=128
predicates=19103
latency_ms=31.4642
iteration_ms=29.8963,34.584,29.9122
sample=011_91806
backend=cuda
architecture=relateanything_full_v1
pairs=128
predicates=19103
latency_ms=30.6653
iteration_ms=29.7867,33.7429,28.4662
sample=012_92254
backend=cuda
architecture=relateanything_full_v1
pairs=128
predicates=19103
latency_ms=26.8286
iteration_ms=26.3185,27.4445,26.7228
sample=013_97855
backend=cuda
architecture=relateanything_full_v1
pairs=128
predicates=19103
latency_ms=29.3755
iteration_ms=28.925,29.4774,29.724
sample=014_102063
backend=cuda
architecture=relateanything_full_v1
pairs=128
predicates=19103
latency_ms=31.8798
iteration_ms=34.5423,30.7115,30.3854
sample=015_104029
backend=cuda
architecture=relateanything_full_v1
pairs=128
predicates=19103
latency_ms=26.8806
iteration_ms=27.2627,26.8892,26.4898
sample=016_115571
backend=cuda
architecture=relateanything_full_v1
pairs=128
predicates=19103
latency_ms=28.9052
iteration_ms=29.1312,28.9785,28.6058
sample=017_122698
backend=cuda
architecture=relateanything_full_v1
pairs=128
predicates=19103
latency_ms=25.7055
iteration_ms=25.5701,25.6295,25.9169
sample=018_129927
backend=cuda
architecture=relateanything_full_v1
pairs=128
predicates=19103
latency_ms=29.7735
iteration_ms=28.2193,29.4028,31.6984
sample=019_134453
backend=cuda
architecture=relateanything_full_v1
pairs=128
predicates=19103
latency_ms=30.8194
iteration_ms=35.0468,28.7098,28.7015
sample=020_143376
backend=cuda
architecture=relateanything_full_v1
pairs=128
predicates=19103
latency_ms=28.9769
iteration_ms=28.7996,29.0774,29.0536
sample=021_143697
backend=cuda
architecture=relateanything_full_v1
pairs=128
predicates=19103
latency_ms=30.2071
iteration_ms=30.4695,30.1755,29.9764
sample=022_144846
backend=cuda
architecture=relateanything_full_v1
pairs=128
predicates=19103
latency_ms=28.7654
iteration_ms=30.0449,27.8684,28.383
sample=023_147904
backend=cuda
architecture=relateanything_full_v1
pairs=128
predicates=19103
latency_ms=28.5429
iteration_ms=28.0967,28.2365,29.2955
sample=024_149460
backend=cuda
architecture=relateanything_full_v1
pairs=128
predicates=19103
latency_ms=27.7173
iteration_ms=27.8795,26.9559,28.3165
sample=025_162793
backend=cuda
architecture=relateanything_full_v1
pairs=128
predicates=19103
latency_ms=29.5146
iteration_ms=30.58,28.9761,28.9878
sample=026_172835
backend=cuda
architecture=relateanything_full_v1
pairs=128
predicates=19103
latency_ms=26.8406
iteration_ms=25.6043,25.8604,29.0571
sample=027_198214
backend=cuda
architecture=relateanything_full_v1
pairs=128
predicates=19103
latency_ms=26.5894
iteration_ms=26.4036,26.9748,26.3897
sample=028_228279
backend=cuda
architecture=relateanything_full_v1
pairs=128
predicates=19103
latency_ms=28.4187
iteration_ms=28.4164,28.1987,28.641
sample=029_231594
backend=cuda
architecture=relateanything_full_v1
pairs=128
predicates=19103
latency_ms=26.4164
iteration_ms=26.3797,26.0894,26.7801
sample=030_239442
backend=cuda
architecture=relateanything_full_v1
pairs=128
predicates=19103
latency_ms=25.7566
iteration_ms=25.7345,25.3761,26.1592
sample=031_245050
backend=cuda
architecture=relateanything_full_v1
pairs=128
predicates=19103
latency_ms=26.1927
iteration_ms=26.0132,26.7639,25.8009
sample=032_265747
backend=cuda
architecture=relateanything_full_v1
pairs=128
predicates=19103
latency_ms=27.1869
iteration_ms=25.4821,29.6137,26.4648
sample=033_266825
backend=cuda
architecture=relateanything_full_v1
pairs=128
predicates=19103
latency_ms=29.2872
iteration_ms=29.484,29.6212,28.7565
sample=034_280716
backend=cuda
architecture=relateanything_full_v1
pairs=128
predicates=19103
latency_ms=28.3905
iteration_ms=28.5835,28.2577,28.3302
sample=035_300959
backend=cuda
architecture=relateanything_full_v1
pairs=128
predicates=19103
latency_ms=28.997
iteration_ms=29.1574,29.0544,28.7791
sample=036_302113
backend=cuda
architecture=relateanything_full_v1
pairs=128
predicates=19103
latency_ms=29.8133
iteration_ms=28.1679,32.4648,28.807
sample=037_323754
backend=cuda
architecture=relateanything_full_v1
pairs=128
predicates=19103
latency_ms=26.5693
iteration_ms=26.5263,26.3301,26.8514
sample=038_358187
backend=cuda
architecture=relateanything_full_v1
pairs=128
predicates=19103
latency_ms=28.5251
iteration_ms=28.7997,28.2828,28.4927
sample=039_372522
backend=cuda
architecture=relateanything_full_v1
pairs=128
predicates=19103
latency_ms=29.0079
iteration_ms=29.0837,28.5908,29.3492
sample=040_392539
backend=cuda
architecture=relateanything_full_v1
pairs=128
predicates=19103
latency_ms=28.8778
iteration_ms=28.9352,28.9827,28.7155
sample=041_431358
backend=cuda
architecture=relateanything_full_v1
pairs=128
predicates=19103
latency_ms=29.1518
iteration_ms=29.0279,28.8978,29.5296
sample=042_433188
backend=cuda
architecture=relateanything_full_v1
pairs=128
predicates=19103
latency_ms=26.0121
iteration_ms=25.972,25.7607,26.3035
sample=043_437629
backend=cuda
architecture=relateanything_full_v1
pairs=128
predicates=19103
latency_ms=26.1184
iteration_ms=25.9301,25.9447,26.4804
sample=044_461572
backend=cuda
architecture=relateanything_full_v1
pairs=128
predicates=19103
latency_ms=28.8487
iteration_ms=29.2808,28.6345,28.6309
sample=045_465589
backend=cuda
architecture=relateanything_full_v1
pairs=128
predicates=19103
latency_ms=25.0328
iteration_ms=25.0761,25.0281,24.9942
sample=046_471413
backend=cuda
architecture=relateanything_full_v1
pairs=128
predicates=19103
latency_ms=28.3735
iteration_ms=28.4725,27.7801,28.8679
sample=047_475063
backend=cuda
architecture=relateanything_full_v1
pairs=128
predicates=19103
latency_ms=27.8662
iteration_ms=28.1181,28.5532,26.9273
sample=048_481986
backend=cuda
architecture=relateanything_full_v1
pairs=128
predicates=19103
latency_ms=26.6091
iteration_ms=26.228,26.9951,26.6041
sample=049_495397
backend=cuda
architecture=relateanything_full_v1
pairs=128
predicates=19103
latency_ms=25.5564
iteration_ms=25.3303,25.7977,25.5413
