sample=000_9282
backend=cuda
architecture=relateanything_full_v1
pairs=128
predicates=19103
latency_ms=43.1894
iteration_ms=44.6538,42.5046,42.41
sample=001_11355
backend=cuda
architecture=relateanything_full_v1
pairs=128
predicates=19103
latency_ms=46.2832
iteration_ms=48.825,45.1055,44.9191
sample=002_14198
backend=cuda
architecture=relateanything_full_v1
pairs=128
predicates=19103
latency_ms=46.2721
iteration_ms=45.8516,43.992,48.9728
sample=003_16127
backend=cuda
architecture=relateanything_full_v1
pairs=128
predicates=19103
latency_ms=45.6504
iteration_ms=45.9487,45.9834,45.0191
sample=004_19163
backend=cuda
architecture=relateanything_full_v1
pairs=128
predicates=19103
latency_ms=47.5446
iteration_ms=50.2547,47.5523,44.8267
sample=005_24757
backend=cuda
architecture=relateanything_full_v1
pairs=128
predicates=19103
latency_ms=43.9744
iteration_ms=44.7151,43.525,43.6832
sample=006_27190
backend=cuda
architecture=relateanything_full_v1
pairs=128
predicates=19103
latency_ms=43.3037
iteration_ms=42.7483,43.3026,43.8602
sample=007_52536
backend=cuda
architecture=relateanything_full_v1
pairs=128
predicates=19103
latency_ms=43.9091
iteration_ms=44.3769,44.365,42.9852
sample=008_55085
backend=cuda
architecture=relateanything_full_v1
pairs=128
predicates=19103
latency_ms=43.0162
iteration_ms=42.7736,43.9051,42.3698
sample=009_71069
backend=cuda
architecture=relateanything_full_v1
pairs=128
predicates=19103
latency_ms=43.7205
iteration_ms=43.2446,44.1104,43.8066
sample=010_81185
backend=cuda
architecture=relateanything_full_v1
pairs=128
predicates=19103
latency_ms=46.7545
iteration_ms=46.5224,46.4098,47.3314
sample=011_91806
backend=cuda
architecture=relateanything_full_v1
pairs=128
predicates=19103
latency_ms=46.9905
iteration_ms=45.7257,48.4485,46.7972
sample=012_92254
backend=cuda
architecture=relateanything_full_v1
pairs=128
predicates=19103
latency_ms=43.8043
iteration_ms=44.2941,42.6398,44.4789
sample=013_97855
backend=cuda
architecture=relateanything_full_v1
pairs=128
predicates=19103
latency_ms=45.7589
iteration_ms=45.0328,45.9149,46.329
sample=014_102063
backend=cuda
architecture=relateanything_full_v1
pairs=128
predicates=19103
latency_ms=45.9125
iteration_ms=46.2373,46.1218,45.3782
sample=015_104029
backend=cuda
architecture=relateanything_full_v1
pairs=128
predicates=19103
latency_ms=42.318
iteration_ms=43.5706,42.0238,41.3598
sample=016_115571
backend=cuda
architecture=relateanything_full_v1
pairs=128
predicates=19103
latency_ms=44.7215
iteration_ms=44.4536,44.7039,45.0071
sample=017_122698
backend=cuda
architecture=relateanything_full_v1
pairs=128
predicates=19103
latency_ms=43.7804
iteration_ms=46.1789,42.5025,42.6597
sample=018_129927
backend=cuda
architecture=relateanything_full_v1
pairs=128
predicates=19103
latency_ms=45.26
iteration_ms=45.0289,45.3557,45.3954
sample=019_134453
backend=cuda
architecture=relateanything_full_v1
pairs=128
predicates=19103
latency_ms=47.8681
iteration_ms=51.1772,47.3768,45.0503
sample=020_143376
backend=cuda
architecture=relateanything_full_v1
pairs=128
predicates=19103
latency_ms=44.6125
iteration_ms=44.9759,44.4578,44.4039
sample=021_143697
backend=cuda
architecture=relateanything_full_v1
pairs=128
predicates=19103
latency_ms=45.6983
iteration_ms=45.5109,45.8544,45.7297
sample=022_144846
backend=cuda
architecture=relateanything_full_v1
pairs=128
predicates=19103
latency_ms=44.2842
iteration_ms=45.1284,44.0041,43.7202
sample=023_147904
backend=cuda
architecture=relateanything_full_v1
pairs=128
predicates=19103
latency_ms=44.3144
iteration_ms=44.1152,43.9915,44.8366
sample=024_149460
backend=cuda
architecture=relateanything_full_v1
pairs=128
predicates=19103
latency_ms=44.787
iteration_ms=47.7852,43.7556,42.8203
sample=025_162793
backend=cuda
architecture=relateanything_full_v1
pairs=128
predicates=19103
latency_ms=45.6463
iteration_ms=47.0437,44.5341,45.3611
sample=026_172835
backend=cuda
architecture=relateanything_full_v1
pairs=128
predicates=19103
latency_ms=42.7328
iteration_ms=42.4909,42.439,43.2684
sample=027_198214
backend=cuda
architecture=relateanything_full_v1
pairs=128
predicates=19103
latency_ms=43.3415
iteration_ms=43.645,42.6015,43.7781
sample=028_228279
backend=cuda
architecture=relateanything_full_v1
pairs=128
predicates=19103
latency_ms=45.8405
iteration_ms=47.3792,45.0969,45.0454
sample=029_231594
backend=cuda
architecture=relateanything_full_v1
pairs=128
predicates=19103
latency_ms=42.525
iteration_ms=42.6873,43.1173,41.7704
sample=030_239442
backend=cuda
architecture=relateanything_full_v1
pairs=128
predicates=19103
latency_ms=41.8807
iteration_ms=41.752,41.6791,42.211
sample=031_245050
backend=cuda
architecture=relateanything_full_v1
pairs=128
predicates=19103
latency_ms=44.4381
iteration_ms=42.8815,42.9204,47.5125
sample=032_265747
backend=cuda
architecture=relateanything_full_v1
pairs=128
predicates=19103
latency_ms=42.7143
iteration_ms=42.1894,43.0122,42.9414
sample=033_266825
backend=cuda
architecture=relateanything_full_v1
pairs=128
predicates=19103
latency_ms=45.6971
iteration_ms=45.1688,46.2243,45.6981
sample=034_280716
backend=cuda
architecture=relateanything_full_v1
pairs=128
predicates=19103
latency_ms=45.4579
iteration_ms=46.2671,45.5881,44.5186
sample=035_300959
backend=cuda
architecture=relateanything_full_v1
pairs=128
predicates=19103
latency_ms=45.3766
iteration_ms=44.6557,46.0918,45.3824
sample=036_302113
backend=cuda
architecture=relateanything_full_v1
pairs=128
predicates=19103
latency_ms=45.4537
iteration_ms=46.7496,45.5295,44.082
sample=037_323754
backend=cuda
architecture=relateanything_full_v1
pairs=128
predicates=19103
latency_ms=42.6276
iteration_ms=41.6024,41.3899,44.8905
sample=038_358187
backend=cuda
architecture=relateanything_full_v1
pairs=128
predicates=19103
latency_ms=48.2752
iteration_ms=48.1656,45.8184,50.8416
sample=039_372522
backend=cuda
architecture=relateanything_full_v1
pairs=128
predicates=19103
latency_ms=47.4527
iteration_ms=48.6069,46.635,47.1161
sample=040_392539
backend=cuda
architecture=relateanything_full_v1
pairs=128
predicates=19103
latency_ms=47.334
iteration_ms=47.6588,47.7841,46.5591
sample=041_431358
backend=cuda
architecture=relateanything_full_v1
pairs=128
predicates=19103
latency_ms=44.6892
iteration_ms=45.6254,44.1877,44.2546
sample=042_433188
backend=cuda
architecture=relateanything_full_v1
pairs=128
predicates=19103
latency_ms=44.118
iteration_ms=44.3655,44.6797,43.3088
sample=043_437629
backend=cuda
architecture=relateanything_full_v1
pairs=128
predicates=19103
latency_ms=43.7213
iteration_ms=43.9258,44.0897,43.1484
sample=044_461572
backend=cuda
architecture=relateanything_full_v1
pairs=128
predicates=19103
latency_ms=44.9823
iteration_ms=45.2243,44.9189,44.8036
sample=045_465589
backend=cuda
architecture=relateanything_full_v1
pairs=128
predicates=19103
latency_ms=42.6409
iteration_ms=41.9567,42.9998,42.9662
sample=046_471413
backend=cuda
architecture=relateanything_full_v1
pairs=128
predicates=19103
latency_ms=44.6588
iteration_ms=43.8688,44.684,45.4237
sample=047_475063
backend=cuda
architecture=relateanything_full_v1
pairs=128
predicates=19103
latency_ms=44.2902
iteration_ms=43.8536,44.4675,44.5496
sample=048_481986
backend=cuda
architecture=relateanything_full_v1
pairs=128
predicates=19103
latency_ms=43.2028
iteration_ms=43.2159,42.501,43.8914
sample=049_495397
backend=cuda
architecture=relateanything_full_v1
pairs=128
predicates=19103
latency_ms=42.5854
iteration_ms=42.7085,42.2612,42.7866
