sample=000_9282
backend=vulkan
architecture=relateanything_full_v1
pairs=128
predicates=19103
latency_ms=32.432
iteration_ms=35.1029,31.6371,30.5561
sample=001_11355
backend=vulkan
architecture=relateanything_full_v1
pairs=128
predicates=19103
latency_ms=33.7166
iteration_ms=33.8525,33.8704,33.427
sample=002_14198
backend=vulkan
architecture=relateanything_full_v1
pairs=128
predicates=19103
latency_ms=28.6816
iteration_ms=29.0056,26.3956,30.6437
sample=003_16127
backend=vulkan
architecture=relateanything_full_v1
pairs=128
predicates=19103
latency_ms=31.4951
iteration_ms=29.8428,35.8264,28.816
sample=004_19163
backend=vulkan
architecture=relateanything_full_v1
pairs=128
predicates=19103
latency_ms=32.4951
iteration_ms=30.7388,32.7718,33.9747
sample=005_24757
backend=vulkan
architecture=relateanything_full_v1
pairs=128
predicates=19103
latency_ms=29.4149
iteration_ms=27.4923,31.2538,29.4985
sample=006_27190
backend=vulkan
architecture=relateanything_full_v1
pairs=128
predicates=19103
latency_ms=30.3018
iteration_ms=31.7685,29.8373,29.2997
sample=007_52536
backend=vulkan
architecture=relateanything_full_v1
pairs=128
predicates=19103
latency_ms=29.5914
iteration_ms=29.6199,31.7439,27.4105
sample=008_55085
backend=vulkan
architecture=relateanything_full_v1
pairs=128
predicates=19103
latency_ms=29.0168
iteration_ms=27.4715,31.3503,28.2287
sample=009_71069
backend=vulkan
architecture=relateanything_full_v1
pairs=128
predicates=19103
latency_ms=29.7668
iteration_ms=29.1596,29.4391,30.7016
sample=010_81185
backend=vulkan
architecture=relateanything_full_v1
pairs=128
predicates=19103
latency_ms=32.9072
iteration_ms=32.6882,32.8659,33.1674
sample=011_91806
backend=vulkan
architecture=relateanything_full_v1
pairs=128
predicates=19103
latency_ms=33.0151
iteration_ms=31.8082,34.8848,32.3523
sample=012_92254
backend=vulkan
architecture=relateanything_full_v1
pairs=128
predicates=19103
latency_ms=28.562
iteration_ms=28.9222,27.7596,29.0042
sample=013_97855
backend=vulkan
architecture=relateanything_full_v1
pairs=128
predicates=19103
latency_ms=33.0632
iteration_ms=29.9795,34.2051,35.0051
sample=014_102063
backend=vulkan
architecture=relateanything_full_v1
pairs=128
predicates=19103
latency_ms=33.7794
iteration_ms=33.3249,33.7256,34.2879
sample=015_104029
backend=vulkan
architecture=relateanything_full_v1
pairs=128
predicates=19103
latency_ms=28.4371
iteration_ms=27.5667,29.7805,27.9641
sample=016_115571
backend=vulkan
architecture=relateanything_full_v1
pairs=128
predicates=19103
latency_ms=32.2278
iteration_ms=29.6247,33.2432,33.8154
sample=017_122698
backend=vulkan
architecture=relateanything_full_v1
pairs=128
predicates=19103
latency_ms=28.487
iteration_ms=27.7935,28.6931,28.9745
sample=018_129927
backend=vulkan
architecture=relateanything_full_v1
pairs=128
predicates=19103
latency_ms=32.3397
iteration_ms=30.4018,32.5443,34.073
sample=019_134453
backend=vulkan
architecture=relateanything_full_v1
pairs=128
predicates=19103
latency_ms=32.3274
iteration_ms=29.8891,33.5779,33.5152
sample=020_143376
backend=vulkan
architecture=relateanything_full_v1
pairs=128
predicates=19103
latency_ms=33.4367
iteration_ms=30.8044,33.9493,35.5565
sample=021_143697
backend=vulkan
architecture=relateanything_full_v1
pairs=128
predicates=19103
latency_ms=32.2433
iteration_ms=32.7248,33.7657,30.2394
sample=022_144846
backend=vulkan
architecture=relateanything_full_v1
pairs=128
predicates=19103
latency_ms=31.2046
iteration_ms=31.815,31.8697,29.9292
sample=023_147904
backend=vulkan
architecture=relateanything_full_v1
pairs=128
predicates=19103
latency_ms=33.555
iteration_ms=32.43,35.2778,32.9571
sample=024_149460
backend=vulkan
architecture=relateanything_full_v1
pairs=128
predicates=19103
latency_ms=28.6804
iteration_ms=30.3664,28.4198,27.255
sample=025_162793
backend=vulkan
architecture=relateanything_full_v1
pairs=128
predicates=19103
latency_ms=30.6769
iteration_ms=30.9396,30.5851,30.5058
sample=026_172835
backend=vulkan
architecture=relateanything_full_v1
pairs=128
predicates=19103
latency_ms=27.6277
iteration_ms=27.5751,27.8448,27.4633
sample=027_198214
backend=vulkan
architecture=relateanything_full_v1
pairs=128
predicates=19103
latency_ms=28.0758
iteration_ms=27.8344,28.0798,28.313
sample=028_228279
backend=vulkan
architecture=relateanything_full_v1
pairs=128
predicates=19103
latency_ms=31.0353
iteration_ms=30.3803,31.4159,31.3098
sample=029_231594
backend=vulkan
architecture=relateanything_full_v1
pairs=128
predicates=19103
latency_ms=28.3597
iteration_ms=29.3146,27.7448,28.0197
sample=030_239442
backend=vulkan
architecture=relateanything_full_v1
pairs=128
predicates=19103
latency_ms=27.7358
iteration_ms=28.186,27.2989,27.7226
sample=031_245050
backend=vulkan
architecture=relateanything_full_v1
pairs=128
predicates=19103
latency_ms=28.1488
iteration_ms=27.4904,28.6809,28.2751
sample=032_265747
backend=vulkan
architecture=relateanything_full_v1
pairs=128
predicates=19103
latency_ms=27.4399
iteration_ms=27.0455,27.7379,27.5361
sample=033_266825
backend=vulkan
architecture=relateanything_full_v1
pairs=128
predicates=19103
latency_ms=30.4316
iteration_ms=29.5493,31.4155,30.3301
sample=034_280716
backend=vulkan
architecture=relateanything_full_v1
pairs=128
predicates=19103
latency_ms=34.1389
iteration_ms=32.242,36.9682,33.2066
sample=035_300959
backend=vulkan
architecture=relateanything_full_v1
pairs=128
predicates=19103
latency_ms=32.9853
iteration_ms=33.3483,32.3223,33.2853
sample=036_302113
backend=vulkan
architecture=relateanything_full_v1
pairs=128
predicates=19103
latency_ms=31.8188
iteration_ms=28.8379,32.8235,33.7951
sample=037_323754
backend=vulkan
architecture=relateanything_full_v1
pairs=128
predicates=19103
latency_ms=28.5172
iteration_ms=27.5334,27.8623,30.156
sample=038_358187
backend=vulkan
architecture=relateanything_full_v1
pairs=128
predicates=19103
latency_ms=31.6553
iteration_ms=32.2355,33.3488,29.3815
sample=039_372522
backend=vulkan
architecture=relateanything_full_v1
pairs=128
predicates=19103
latency_ms=31.2029
iteration_ms=32.702,30.877,30.0298
sample=040_392539
backend=vulkan
architecture=relateanything_full_v1
pairs=128
predicates=19103
latency_ms=32.5867
iteration_ms=30.3969,36.8663,30.4968
sample=041_431358
backend=vulkan
architecture=relateanything_full_v1
pairs=128
predicates=19103
latency_ms=33.7557
iteration_ms=34.2944,36.1177,30.8549
sample=042_433188
backend=vulkan
architecture=relateanything_full_v1
pairs=128
predicates=19103
latency_ms=28.6478
iteration_ms=29.0087,28.9062,28.0284
sample=043_437629
backend=vulkan
architecture=relateanything_full_v1
pairs=128
predicates=19103
latency_ms=29.5366
iteration_ms=29.1107,29.5896,29.9095
sample=044_461572
backend=vulkan
architecture=relateanything_full_v1
pairs=128
predicates=19103
latency_ms=32.5731
iteration_ms=29.6649,33.6542,34.4003
sample=045_465589
backend=vulkan
architecture=relateanything_full_v1
pairs=128
predicates=19103
latency_ms=28.9538
iteration_ms=28.2506,29.2268,29.384
sample=046_471413
backend=vulkan
architecture=relateanything_full_v1
pairs=128
predicates=19103
latency_ms=30.1433
iteration_ms=30.0794,31.4647,28.8857
sample=047_475063
backend=vulkan
architecture=relateanything_full_v1
pairs=128
predicates=19103
latency_ms=28.3402
iteration_ms=28.469,28.5635,27.9883
sample=048_481986
backend=vulkan
architecture=relateanything_full_v1
pairs=128
predicates=19103
latency_ms=29.4829
iteration_ms=27.4414,30.1778,30.8295
sample=049_495397
backend=vulkan
architecture=relateanything_full_v1
pairs=128
predicates=19103
latency_ms=28.2999
iteration_ms=27.3877,28.1156,29.3965
