sample=000_9282
backend=cuda
architecture=relateanything_full_v1
pairs=128
predicates=19103
latency_ms=25.8908
iteration_ms=27.3627,25.2174,25.0924
sample=001_11355
backend=cuda
architecture=relateanything_full_v1
pairs=128
predicates=19103
latency_ms=29.2352
iteration_ms=30.5594,29.3934,27.7527
sample=002_14198
backend=cuda
architecture=relateanything_full_v1
pairs=128
predicates=19103
latency_ms=25.8271
iteration_ms=26.9867,26.0056,24.489
sample=003_16127
backend=cuda
architecture=relateanything_full_v1
pairs=128
predicates=19103
latency_ms=26.6169
iteration_ms=27.2668,27.486,25.0979
sample=004_19163
backend=cuda
architecture=relateanything_full_v1
pairs=128
predicates=19103
latency_ms=27.4618
iteration_ms=29.2866,26.6833,26.4154
sample=005_24757
backend=cuda
architecture=relateanything_full_v1
pairs=128
predicates=19103
latency_ms=25.7242
iteration_ms=27.8624,25.3864,23.9236
sample=006_27190
backend=cuda
architecture=relateanything_full_v1
pairs=128
predicates=19103
latency_ms=25.8004
iteration_ms=27.3372,25.7402,24.3238
sample=007_52536
backend=cuda
architecture=relateanything_full_v1
pairs=128
predicates=19103
latency_ms=23.9869
iteration_ms=24.2088,23.9886,23.7632
sample=008_55085
backend=cuda
architecture=relateanything_full_v1
pairs=128
predicates=19103
latency_ms=24.2436
iteration_ms=24.3148,24.2199,24.1961
sample=009_71069
backend=cuda
architecture=relateanything_full_v1
pairs=128
predicates=19103
latency_ms=24.409
iteration_ms=24.2625,24.3497,24.6147
sample=010_81185
backend=cuda
architecture=relateanything_full_v1
pairs=128
predicates=19103
latency_ms=27.3579
iteration_ms=28.4242,26.661,26.9885
sample=011_91806
backend=cuda
architecture=relateanything_full_v1
pairs=128
predicates=19103
latency_ms=27.4939
iteration_ms=28.4039,27.412,26.6659
sample=012_92254
backend=cuda
architecture=relateanything_full_v1
pairs=128
predicates=19103
latency_ms=24.1752
iteration_ms=24.528,23.7079,24.2896
sample=013_97855
backend=cuda
architecture=relateanything_full_v1
pairs=128
predicates=19103
latency_ms=27.2677
iteration_ms=27.4188,26.9307,27.4538
sample=014_102063
backend=cuda
architecture=relateanything_full_v1
pairs=128
predicates=19103
latency_ms=28.0726
iteration_ms=27.8577,27.9725,28.3875
sample=015_104029
backend=cuda
architecture=relateanything_full_v1
pairs=128
predicates=19103
latency_ms=24.3583
iteration_ms=25.3659,23.6325,24.0766
sample=016_115571
backend=cuda
architecture=relateanything_full_v1
pairs=128
predicates=19103
latency_ms=26.8042
iteration_ms=27.8457,26.2175,26.3494
sample=017_122698
backend=cuda
architecture=relateanything_full_v1
pairs=128
predicates=19103
latency_ms=23.2895
iteration_ms=22.8956,23.8331,23.1396
sample=018_129927
backend=cuda
architecture=relateanything_full_v1
pairs=128
predicates=19103
latency_ms=28.3008
iteration_ms=27.9992,30.522,26.3812
sample=019_134453
backend=cuda
architecture=relateanything_full_v1
pairs=128
predicates=19103
latency_ms=27.6142
iteration_ms=31.5932,25.6022,25.647
sample=020_143376
backend=cuda
architecture=relateanything_full_v1
pairs=128
predicates=19103
latency_ms=25.4207
iteration_ms=25.5436,25.2083,25.5103
sample=021_143697
backend=cuda
architecture=relateanything_full_v1
pairs=128
predicates=19103
latency_ms=26.2831
iteration_ms=26.3887,26.452,26.0086
sample=022_144846
backend=cuda
architecture=relateanything_full_v1
pairs=128
predicates=19103
latency_ms=25.6877
iteration_ms=25.5243,25.7491,25.7896
sample=023_147904
backend=cuda
architecture=relateanything_full_v1
pairs=128
predicates=19103
latency_ms=26.2432
iteration_ms=26.1184,26.3638,26.2472
sample=024_149460
backend=cuda
architecture=relateanything_full_v1
pairs=128
predicates=19103
latency_ms=24.6212
iteration_ms=24.0849,24.4402,25.3384
sample=025_162793
backend=cuda
architecture=relateanything_full_v1
pairs=128
predicates=19103
latency_ms=26.212
iteration_ms=26.1064,26.1621,26.3674
sample=026_172835
backend=cuda
architecture=relateanything_full_v1
pairs=128
predicates=19103
latency_ms=23.5412
iteration_ms=23.6611,23.5514,23.4111
sample=027_198214
backend=cuda
architecture=relateanything_full_v1
pairs=128
predicates=19103
latency_ms=24.3861
iteration_ms=25.0831,23.9851,24.0902
sample=028_228279
backend=cuda
architecture=relateanything_full_v1
pairs=128
predicates=19103
latency_ms=25.9255
iteration_ms=25.8456,25.7069,26.224
sample=029_231594
backend=cuda
architecture=relateanything_full_v1
pairs=128
predicates=19103
latency_ms=23.9886
iteration_ms=24.0369,23.9142,24.0146
sample=030_239442
backend=cuda
architecture=relateanything_full_v1
pairs=128
predicates=19103
latency_ms=24.3303
iteration_ms=24.4641,23.83,24.6967
sample=031_245050
backend=cuda
architecture=relateanything_full_v1
pairs=128
predicates=19103
latency_ms=23.7023
iteration_ms=23.5823,23.7162,23.8084
sample=032_265747
backend=cuda
architecture=relateanything_full_v1
pairs=128
predicates=19103
latency_ms=23.614
iteration_ms=23.8922,23.4462,23.5037
sample=033_266825
backend=cuda
architecture=relateanything_full_v1
pairs=128
predicates=19103
latency_ms=26.4448
iteration_ms=26.5033,26.8517,25.9795
sample=034_280716
backend=cuda
architecture=relateanything_full_v1
pairs=128
predicates=19103
latency_ms=26.7099
iteration_ms=27.4855,26.1633,26.481
sample=035_300959
backend=cuda
architecture=relateanything_full_v1
pairs=128
predicates=19103
latency_ms=26.2387
iteration_ms=25.974,26.0741,26.6681
sample=036_302113
backend=cuda
architecture=relateanything_full_v1
pairs=128
predicates=19103
latency_ms=26.47
iteration_ms=25.9692,25.9822,27.4587
sample=037_323754
backend=cuda
architecture=relateanything_full_v1
pairs=128
predicates=19103
latency_ms=24.53
iteration_ms=24.2658,24.3693,24.955
sample=038_358187
backend=cuda
architecture=relateanything_full_v1
pairs=128
predicates=19103
latency_ms=26.3198
iteration_ms=26.0755,26.936,25.948
sample=039_372522
backend=cuda
architecture=relateanything_full_v1
pairs=128
predicates=19103
latency_ms=26.6917
iteration_ms=26.6628,26.7144,26.6979
sample=040_392539
backend=cuda
architecture=relateanything_full_v1
pairs=128
predicates=19103
latency_ms=26.3371
iteration_ms=26.3594,26.2772,26.3748
sample=041_431358
backend=cuda
architecture=relateanything_full_v1
pairs=128
predicates=19103
latency_ms=26.6814
iteration_ms=27.043,26.501,26.5001
sample=042_433188
backend=cuda
architecture=relateanything_full_v1
pairs=128
predicates=19103
latency_ms=23.5387
iteration_ms=23.4649,23.7702,23.3811
sample=043_437629
backend=cuda
architecture=relateanything_full_v1
pairs=128
predicates=19103
latency_ms=25.5567
iteration_ms=28.2184,23.821,24.6309
sample=044_461572
backend=cuda
architecture=relateanything_full_v1
pairs=128
predicates=19103
latency_ms=26.7948
iteration_ms=27.1765,26.684,26.5237
sample=045_465589
backend=cuda
architecture=relateanything_full_v1
pairs=128
predicates=19103
latency_ms=23.8524
iteration_ms=24.5737,23.5059,23.4775
sample=046_471413
backend=cuda
architecture=relateanything_full_v1
pairs=128
predicates=19103
latency_ms=26.0748
iteration_ms=25.2707,27.7488,25.2049
sample=047_475063
backend=cuda
architecture=relateanything_full_v1
pairs=128
predicates=19103
latency_ms=24.7908
iteration_ms=25.1122,24.3313,24.9288
sample=048_481986
backend=cuda
architecture=relateanything_full_v1
pairs=128
predicates=19103
latency_ms=24.4733
iteration_ms=24.3082,23.6847,25.4271
sample=049_495397
backend=cuda
architecture=relateanything_full_v1
pairs=128
predicates=19103
latency_ms=23.6364
iteration_ms=23.2516,24.0865,23.5711
