sample=000_9282
backend=cuda
architecture=relateanything_full_v1
pairs=128
predicates=19103
latency_ms=30.7862
iteration_ms=30.4693,31.3142,30.5752
sample=001_11355
backend=cuda
architecture=relateanything_full_v1
pairs=128
predicates=19103
latency_ms=34.8938
iteration_ms=40.7947,31.9659,31.9207
sample=002_14198
backend=cuda
architecture=relateanything_full_v1
pairs=128
predicates=19103
latency_ms=29.4732
iteration_ms=30.0473,28.7796,29.5928
sample=003_16127
backend=cuda
architecture=relateanything_full_v1
pairs=128
predicates=19103
latency_ms=30.1008
iteration_ms=30.1054,30.3488,29.8484
sample=004_19163
backend=cuda
architecture=relateanything_full_v1
pairs=128
predicates=19103
latency_ms=33.611
iteration_ms=36.4926,32.1484,32.192
sample=005_24757
backend=cuda
architecture=relateanything_full_v1
pairs=128
predicates=19103
latency_ms=30.0708
iteration_ms=31.0316,29.5643,29.6165
sample=006_27190
backend=cuda
architecture=relateanything_full_v1
pairs=128
predicates=19103
latency_ms=29.521
iteration_ms=29.3063,29.3922,29.8644
sample=007_52536
backend=cuda
architecture=relateanything_full_v1
pairs=128
predicates=19103
latency_ms=29.6807
iteration_ms=29.6469,29.7602,29.6349
sample=008_55085
backend=cuda
architecture=relateanything_full_v1
pairs=128
predicates=19103
latency_ms=29.5295
iteration_ms=29.4125,30.1811,28.9948
sample=009_71069
backend=cuda
architecture=relateanything_full_v1
pairs=128
predicates=19103
latency_ms=29.1662
iteration_ms=29.0551,29.5483,28.8953
sample=010_81185
backend=cuda
architecture=relateanything_full_v1
pairs=128
predicates=19103
latency_ms=31.7769
iteration_ms=31.4776,31.8298,32.0233
sample=011_91806
backend=cuda
architecture=relateanything_full_v1
pairs=128
predicates=19103
latency_ms=33.5093
iteration_ms=31.3788,36.9207,32.2285
sample=012_92254
backend=cuda
architecture=relateanything_full_v1
pairs=128
predicates=19103
latency_ms=29.4024
iteration_ms=29.0989,29.8753,29.233
sample=013_97855
backend=cuda
architecture=relateanything_full_v1
pairs=128
predicates=19103
latency_ms=32.5313
iteration_ms=32.4956,32.4772,32.6212
sample=014_102063
backend=cuda
architecture=relateanything_full_v1
pairs=128
predicates=19103
latency_ms=32.0837
iteration_ms=32.5284,32.3257,31.3972
sample=015_104029
backend=cuda
architecture=relateanything_full_v1
pairs=128
predicates=19103
latency_ms=29.2633
iteration_ms=29.1553,29.2428,29.392
sample=016_115571
backend=cuda
architecture=relateanything_full_v1
pairs=128
predicates=19103
latency_ms=31.464
iteration_ms=31.3781,31.3629,31.6509
sample=017_122698
backend=cuda
architecture=relateanything_full_v1
pairs=128
predicates=19103
latency_ms=28.9872
iteration_ms=28.7987,28.6417,29.5212
sample=018_129927
backend=cuda
architecture=relateanything_full_v1
pairs=128
predicates=19103
latency_ms=32.8857
iteration_ms=33.2311,32.6433,32.7826
sample=019_134453
backend=cuda
architecture=relateanything_full_v1
pairs=128
predicates=19103
latency_ms=32.6141
iteration_ms=34.9952,31.7642,31.0828
sample=020_143376
backend=cuda
architecture=relateanything_full_v1
pairs=128
predicates=19103
latency_ms=30.8758
iteration_ms=30.7533,30.7807,31.0933
sample=021_143697
backend=cuda
architecture=relateanything_full_v1
pairs=128
predicates=19103
latency_ms=32.474
iteration_ms=32.6279,32.8146,31.9794
sample=022_144846
backend=cuda
architecture=relateanything_full_v1
pairs=128
predicates=19103
latency_ms=31.9533
iteration_ms=32.1885,31.6549,32.0164
sample=023_147904
backend=cuda
architecture=relateanything_full_v1
pairs=128
predicates=19103
latency_ms=32.3858
iteration_ms=31.4771,33.7579,31.9223
sample=024_149460
backend=cuda
architecture=relateanything_full_v1
pairs=128
predicates=19103
latency_ms=30.3837
iteration_ms=30.2467,29.662,31.2424
sample=025_162793
backend=cuda
architecture=relateanything_full_v1
pairs=128
predicates=19103
latency_ms=33.496
iteration_ms=32.6541,33.0222,34.8118
sample=026_172835
backend=cuda
architecture=relateanything_full_v1
pairs=128
predicates=19103
latency_ms=30.8617
iteration_ms=33.821,29.2854,29.4787
sample=027_198214
backend=cuda
architecture=relateanything_full_v1
pairs=128
predicates=19103
latency_ms=30.2557
iteration_ms=30.4199,30.8434,29.5037
sample=028_228279
backend=cuda
architecture=relateanything_full_v1
pairs=128
predicates=19103
latency_ms=32.3711
iteration_ms=31.9702,31.4563,33.6869
sample=029_231594
backend=cuda
architecture=relateanything_full_v1
pairs=128
predicates=19103
latency_ms=30.0934
iteration_ms=29.2788,29.8084,31.1931
sample=030_239442
backend=cuda
architecture=relateanything_full_v1
pairs=128
predicates=19103
latency_ms=29.6419
iteration_ms=30.2948,29.3088,29.3221
sample=031_245050
backend=cuda
architecture=relateanything_full_v1
pairs=128
predicates=19103
latency_ms=31.1585
iteration_ms=29.7403,30.0714,33.6638
sample=032_265747
backend=cuda
architecture=relateanything_full_v1
pairs=128
predicates=19103
latency_ms=29.9437
iteration_ms=29.1773,30.6878,29.9661
sample=033_266825
backend=cuda
architecture=relateanything_full_v1
pairs=128
predicates=19103
latency_ms=32.4404
iteration_ms=31.9675,32.7266,32.6271
sample=034_280716
backend=cuda
architecture=relateanything_full_v1
pairs=128
predicates=19103
latency_ms=31.957
iteration_ms=31.6088,31.7308,32.5314
sample=035_300959
backend=cuda
architecture=relateanything_full_v1
pairs=128
predicates=19103
latency_ms=31.4842
iteration_ms=31.5961,31.5568,31.2997
sample=036_302113
backend=cuda
architecture=relateanything_full_v1
pairs=128
predicates=19103
latency_ms=31.4061
iteration_ms=31.2913,31.3714,31.5557
sample=037_323754
backend=cuda
architecture=relateanything_full_v1
pairs=128
predicates=19103
latency_ms=30.2355
iteration_ms=30.397,30.2475,30.062
sample=038_358187
backend=cuda
architecture=relateanything_full_v1
pairs=128
predicates=19103
latency_ms=31.8229
iteration_ms=31.7805,31.8616,31.8267
sample=039_372522
backend=cuda
architecture=relateanything_full_v1
pairs=128
predicates=19103
latency_ms=31.6862
iteration_ms=31.7763,31.5411,31.7412
sample=040_392539
backend=cuda
architecture=relateanything_full_v1
pairs=128
predicates=19103
latency_ms=31.6633
iteration_ms=31.6811,31.3982,31.9106
sample=041_431358
backend=cuda
architecture=relateanything_full_v1
pairs=128
predicates=19103
latency_ms=33.738
iteration_ms=33.0792,32.1861,35.9487
sample=042_433188
backend=cuda
architecture=relateanything_full_v1
pairs=128
predicates=19103
latency_ms=29.1756
iteration_ms=28.7054,29.4564,29.365
sample=043_437629
backend=cuda
architecture=relateanything_full_v1
pairs=128
predicates=19103
latency_ms=29.1675
iteration_ms=29.2646,29.5141,28.7236
sample=044_461572
backend=cuda
architecture=relateanything_full_v1
pairs=128
predicates=19103
latency_ms=31.7196
iteration_ms=31.9242,31.7731,31.4615
sample=045_465589
backend=cuda
architecture=relateanything_full_v1
pairs=128
predicates=19103
latency_ms=29.0616
iteration_ms=29.5048,29.0792,28.6009
sample=046_471413
backend=cuda
architecture=relateanything_full_v1
pairs=128
predicates=19103
latency_ms=29.4923
iteration_ms=29.4499,29.2001,29.8269
sample=047_475063
backend=cuda
architecture=relateanything_full_v1
pairs=128
predicates=19103
latency_ms=29.1251
iteration_ms=29.4359,29.0555,28.8839
sample=048_481986
backend=cuda
architecture=relateanything_full_v1
pairs=128
predicates=19103
latency_ms=29.3859
iteration_ms=29.2074,29.4951,29.4553
sample=049_495397
backend=cuda
architecture=relateanything_full_v1
pairs=128
predicates=19103
latency_ms=28.5131
iteration_ms=28.5976,28.2856,28.656
