sample=000_9282
backend=vulkan
architecture=relateanything_full_v1
pairs=128
predicates=19103
latency_ms=29.2952
iteration_ms=31.1117,27.4719,29.3019
sample=001_11355
backend=vulkan
architecture=relateanything_full_v1
pairs=128
predicates=19103
latency_ms=32.1331
iteration_ms=32.9093,31.6909,31.7991
sample=002_14198
backend=vulkan
architecture=relateanything_full_v1
pairs=128
predicates=19103
latency_ms=28.3341
iteration_ms=28.4043,30.0326,26.5654
sample=003_16127
backend=vulkan
architecture=relateanything_full_v1
pairs=128
predicates=19103
latency_ms=28.4192
iteration_ms=29.2859,26.567,29.4046
sample=004_19163
backend=vulkan
architecture=relateanything_full_v1
pairs=128
predicates=19103
latency_ms=32.8751
iteration_ms=28.8429,36.2094,33.5731
sample=005_24757
backend=vulkan
architecture=relateanything_full_v1
pairs=128
predicates=19103
latency_ms=28.2693
iteration_ms=28.5637,27.2304,29.0139
sample=006_27190
backend=vulkan
architecture=relateanything_full_v1
pairs=128
predicates=19103
latency_ms=28.3708
iteration_ms=29.8841,28.0149,27.2134
sample=007_52536
backend=vulkan
architecture=relateanything_full_v1
pairs=128
predicates=19103
latency_ms=27.8238
iteration_ms=27.8139,27.503,28.1544
sample=008_55085
backend=vulkan
architecture=relateanything_full_v1
pairs=128
predicates=19103
latency_ms=28.9778
iteration_ms=28.9566,31.3464,26.6305
sample=009_71069
backend=vulkan
architecture=relateanything_full_v1
pairs=128
predicates=19103
latency_ms=27.7329
iteration_ms=28.6918,28.037,26.4699
sample=010_81185
backend=vulkan
architecture=relateanything_full_v1
pairs=128
predicates=19103
latency_ms=31.193
iteration_ms=29.1313,32.4999,31.9479
sample=011_91806
backend=vulkan
architecture=relateanything_full_v1
pairs=128
predicates=19103
latency_ms=31.2019
iteration_ms=31.0166,30.3237,32.2654
sample=012_92254
backend=vulkan
architecture=relateanything_full_v1
pairs=128
predicates=19103
latency_ms=27.0499
iteration_ms=25.49,27.7349,27.9247
sample=013_97855
backend=vulkan
architecture=relateanything_full_v1
pairs=128
predicates=19103
latency_ms=30.7803
iteration_ms=29.8399,31.421,31.08
sample=014_102063
backend=vulkan
architecture=relateanything_full_v1
pairs=128
predicates=19103
latency_ms=29.7391
iteration_ms=27.1699,30.7271,31.3203
sample=015_104029
backend=vulkan
architecture=relateanything_full_v1
pairs=128
predicates=19103
latency_ms=28.3683
iteration_ms=30.2409,27.4481,27.4159
sample=016_115571
backend=vulkan
architecture=relateanything_full_v1
pairs=128
predicates=19103
latency_ms=30.1112
iteration_ms=27.9654,31.6547,30.7137
sample=017_122698
backend=vulkan
architecture=relateanything_full_v1
pairs=128
predicates=19103
latency_ms=27.049
iteration_ms=26.325,26.4798,28.3423
sample=018_129927
backend=vulkan
architecture=relateanything_full_v1
pairs=128
predicates=19103
latency_ms=31.5553
iteration_ms=29.8836,34.3018,30.4804
sample=019_134453
backend=vulkan
architecture=relateanything_full_v1
pairs=128
predicates=19103
latency_ms=29.8223
iteration_ms=28.4105,29.9954,31.061
sample=020_143376
backend=vulkan
architecture=relateanything_full_v1
pairs=128
predicates=19103
latency_ms=32.1132
iteration_ms=28.2815,33.2795,34.7785
sample=021_143697
backend=vulkan
architecture=relateanything_full_v1
pairs=128
predicates=19103
latency_ms=29.9853
iteration_ms=30.7975,28.2441,30.9143
sample=022_144846
backend=vulkan
architecture=relateanything_full_v1
pairs=128
predicates=19103
latency_ms=30.8919
iteration_ms=29.5845,31.8409,31.2502
sample=023_147904
backend=vulkan
architecture=relateanything_full_v1
pairs=128
predicates=19103
latency_ms=28.3489
iteration_ms=29.6783,27.4969,27.8714
sample=024_149460
backend=vulkan
architecture=relateanything_full_v1
pairs=128
predicates=19103
latency_ms=26.5845
iteration_ms=25.1203,27.0801,27.5531
sample=025_162793
backend=vulkan
architecture=relateanything_full_v1
pairs=128
predicates=19103
latency_ms=30.4765
iteration_ms=27.8881,30.7244,32.8171
sample=026_172835
backend=vulkan
architecture=relateanything_full_v1
pairs=128
predicates=19103
latency_ms=26.9428
iteration_ms=27.114,26.9527,26.7619
sample=027_198214
backend=vulkan
architecture=relateanything_full_v1
pairs=128
predicates=19103
latency_ms=27.9882
iteration_ms=27.4474,28.4444,28.073
sample=028_228279
backend=vulkan
architecture=relateanything_full_v1
pairs=128
predicates=19103
latency_ms=30.6193
iteration_ms=29.3586,31.9541,30.5452
sample=029_231594
backend=vulkan
architecture=relateanything_full_v1
pairs=128
predicates=19103
latency_ms=28.4945
iteration_ms=28.1054,29.234,28.1439
sample=030_239442
backend=vulkan
architecture=relateanything_full_v1
pairs=128
predicates=19103
latency_ms=28.1737
iteration_ms=27.8267,28.0998,28.5946
sample=031_245050
backend=vulkan
architecture=relateanything_full_v1
pairs=128
predicates=19103
latency_ms=27.7012
iteration_ms=25.975,29.1383,27.9903
sample=032_265747
backend=vulkan
architecture=relateanything_full_v1
pairs=128
predicates=19103
latency_ms=26.5761
iteration_ms=25.9562,27.5965,26.1757
sample=033_266825
backend=vulkan
architecture=relateanything_full_v1
pairs=128
predicates=19103
latency_ms=31.919
iteration_ms=32.1846,33.4033,30.1692
sample=034_280716
backend=vulkan
architecture=relateanything_full_v1
pairs=128
predicates=19103
latency_ms=31.2014
iteration_ms=30.1559,31.3423,32.1061
sample=035_300959
backend=vulkan
architecture=relateanything_full_v1
pairs=128
predicates=19103
latency_ms=29.5314
iteration_ms=27.3512,30.6434,30.5997
sample=036_302113
backend=vulkan
architecture=relateanything_full_v1
pairs=128
predicates=19103
latency_ms=31.4607
iteration_ms=29.4141,35.3885,29.5797
sample=037_323754
backend=vulkan
architecture=relateanything_full_v1
pairs=128
predicates=19103
latency_ms=28.3799
iteration_ms=28.3377,28.0711,28.7308
sample=038_358187
backend=vulkan
architecture=relateanything_full_v1
pairs=128
predicates=19103
latency_ms=30.7496
iteration_ms=29.8573,32.2639,30.1274
sample=039_372522
backend=vulkan
architecture=relateanything_full_v1
pairs=128
predicates=19103
latency_ms=30.84
iteration_ms=30.2534,31.2428,31.0238
sample=040_392539
backend=vulkan
architecture=relateanything_full_v1
pairs=128
predicates=19103
latency_ms=30.7653
iteration_ms=28.5902,31.3287,32.3768
sample=041_431358
backend=vulkan
architecture=relateanything_full_v1
pairs=128
predicates=19103
latency_ms=29.4257
iteration_ms=28.257,30.1959,29.8243
sample=042_433188
backend=vulkan
architecture=relateanything_full_v1
pairs=128
predicates=19103
latency_ms=27.4175
iteration_ms=27.8287,27.4661,26.9578
sample=043_437629
backend=vulkan
architecture=relateanything_full_v1
pairs=128
predicates=19103
latency_ms=26.8598
iteration_ms=26.5139,27.4414,26.624
sample=044_461572
backend=vulkan
architecture=relateanything_full_v1
pairs=128
predicates=19103
latency_ms=30.0752
iteration_ms=28.4605,29.9274,31.8378
sample=045_465589
backend=vulkan
architecture=relateanything_full_v1
pairs=128
predicates=19103
latency_ms=26.947
iteration_ms=26.7921,27.0231,27.0258
sample=046_471413
backend=vulkan
architecture=relateanything_full_v1
pairs=128
predicates=19103
latency_ms=28.0813
iteration_ms=25.9372,29.0451,29.2615
sample=047_475063
backend=vulkan
architecture=relateanything_full_v1
pairs=128
predicates=19103
latency_ms=27.9043
iteration_ms=26.6974,27.9933,29.0222
sample=048_481986
backend=vulkan
architecture=relateanything_full_v1
pairs=128
predicates=19103
latency_ms=27.3334
iteration_ms=25.6749,27.7548,28.5704
sample=049_495397
backend=vulkan
architecture=relateanything_full_v1
pairs=128
predicates=19103
latency_ms=26.781
iteration_ms=26.6622,26.9408,26.74
