sample=000_9282
backend=cuda
architecture=relateanything_full_v1
pairs=128
predicates=19103
latency_ms=26.4947
iteration_ms=29.0333,25.8959,24.5548
sample=001_11355
backend=cuda
architecture=relateanything_full_v1
pairs=128
predicates=19103
latency_ms=28.2801
iteration_ms=30.2572,28.2094,26.3736
sample=002_14198
backend=cuda
architecture=relateanything_full_v1
pairs=128
predicates=19103
latency_ms=25.595
iteration_ms=28.34,24.1439,24.3012
sample=003_16127
backend=cuda
architecture=relateanything_full_v1
pairs=128
predicates=19103
latency_ms=25.9802
iteration_ms=25.8162,27.2698,24.8545
sample=004_19163
backend=cuda
architecture=relateanything_full_v1
pairs=128
predicates=19103
latency_ms=28.1679
iteration_ms=28.4061,28.5379,27.5597
sample=005_24757
backend=cuda
architecture=relateanything_full_v1
pairs=128
predicates=19103
latency_ms=25.7171
iteration_ms=28.4021,24.9782,23.7711
sample=006_27190
backend=cuda
architecture=relateanything_full_v1
pairs=128
predicates=19103
latency_ms=25.1274
iteration_ms=25.9284,25.1486,24.3052
sample=007_52536
backend=cuda
architecture=relateanything_full_v1
pairs=128
predicates=19103
latency_ms=24.2122
iteration_ms=24.2093,24.0621,24.3652
sample=008_55085
backend=cuda
architecture=relateanything_full_v1
pairs=128
predicates=19103
latency_ms=24.0357
iteration_ms=23.9492,24.2775,23.8805
sample=009_71069
backend=cuda
architecture=relateanything_full_v1
pairs=128
predicates=19103
latency_ms=24.3526
iteration_ms=24.3854,23.9458,24.7266
sample=010_81185
backend=cuda
architecture=relateanything_full_v1
pairs=128
predicates=19103
latency_ms=28.0256
iteration_ms=27.766,28.705,27.6057
sample=011_91806
backend=cuda
architecture=relateanything_full_v1
pairs=128
predicates=19103
latency_ms=27.6363
iteration_ms=27.7418,28.5153,26.6517
sample=012_92254
backend=cuda
architecture=relateanything_full_v1
pairs=128
predicates=19103
latency_ms=25.1559
iteration_ms=25.368,24.2296,25.8701
sample=013_97855
backend=cuda
architecture=relateanything_full_v1
pairs=128
predicates=19103
latency_ms=27.4464
iteration_ms=27.783,27.413,27.1432
sample=014_102063
backend=cuda
architecture=relateanything_full_v1
pairs=128
predicates=19103
latency_ms=28.2378
iteration_ms=26.5494,30.0612,28.1027
sample=015_104029
backend=cuda
architecture=relateanything_full_v1
pairs=128
predicates=19103
latency_ms=25.0757
iteration_ms=24.9335,25.7243,24.5694
sample=016_115571
backend=cuda
architecture=relateanything_full_v1
pairs=128
predicates=19103
latency_ms=26.7472
iteration_ms=26.669,27.0578,26.5149
sample=017_122698
backend=cuda
architecture=relateanything_full_v1
pairs=128
predicates=19103
latency_ms=24.8716
iteration_ms=26.2139,24.8666,23.5344
sample=018_129927
backend=cuda
architecture=relateanything_full_v1
pairs=128
predicates=19103
latency_ms=26.961
iteration_ms=27.3377,26.7579,26.7873
sample=019_134453
backend=cuda
architecture=relateanything_full_v1
pairs=128
predicates=19103
latency_ms=27.1458
iteration_ms=27.7173,27.1394,26.5807
sample=020_143376
backend=cuda
architecture=relateanything_full_v1
pairs=128
predicates=19103
latency_ms=26.1389
iteration_ms=26.1492,26.1167,26.151
sample=021_143697
backend=cuda
architecture=relateanything_full_v1
pairs=128
predicates=19103
latency_ms=27.2018
iteration_ms=27.1842,27.1252,27.296
sample=022_144846
backend=cuda
architecture=relateanything_full_v1
pairs=128
predicates=19103
latency_ms=26.4427
iteration_ms=26.6497,26.3179,26.3605
sample=023_147904
backend=cuda
architecture=relateanything_full_v1
pairs=128
predicates=19103
latency_ms=26.8594
iteration_ms=27.023,26.6623,26.8927
sample=024_149460
backend=cuda
architecture=relateanything_full_v1
pairs=128
predicates=19103
latency_ms=24.9288
iteration_ms=24.6263,24.9394,25.2209
sample=025_162793
backend=cuda
architecture=relateanything_full_v1
pairs=128
predicates=19103
latency_ms=26.5544
iteration_ms=26.2873,26.9626,26.4133
sample=026_172835
backend=cuda
architecture=relateanything_full_v1
pairs=128
predicates=19103
latency_ms=23.5461
iteration_ms=23.4419,23.8033,23.3932
sample=027_198214
backend=cuda
architecture=relateanything_full_v1
pairs=128
predicates=19103
latency_ms=24.1021
iteration_ms=24.3426,24.0695,23.8943
sample=028_228279
backend=cuda
architecture=relateanything_full_v1
pairs=128
predicates=19103
latency_ms=26.8476
iteration_ms=26.3399,26.9055,27.2975
sample=029_231594
backend=cuda
architecture=relateanything_full_v1
pairs=128
predicates=19103
latency_ms=25.1951
iteration_ms=24.7744,25.965,24.846
sample=030_239442
backend=cuda
architecture=relateanything_full_v1
pairs=128
predicates=19103
latency_ms=24.2329
iteration_ms=24.2881,24.2346,24.1759
sample=031_245050
backend=cuda
architecture=relateanything_full_v1
pairs=128
predicates=19103
latency_ms=24.2647
iteration_ms=24.038,24.2734,24.4826
sample=032_265747
backend=cuda
architecture=relateanything_full_v1
pairs=128
predicates=19103
latency_ms=24.0793
iteration_ms=24.1637,23.8699,24.2043
sample=033_266825
backend=cuda
architecture=relateanything_full_v1
pairs=128
predicates=19103
latency_ms=27.1867
iteration_ms=26.9221,28.0942,26.5437
sample=034_280716
backend=cuda
architecture=relateanything_full_v1
pairs=128
predicates=19103
latency_ms=26.7805
iteration_ms=26.759,26.8488,26.7336
sample=035_300959
backend=cuda
architecture=relateanything_full_v1
pairs=128
predicates=19103
latency_ms=26.8551
iteration_ms=26.5684,27.2218,26.775
sample=036_302113
backend=cuda
architecture=relateanything_full_v1
pairs=128
predicates=19103
latency_ms=26.4804
iteration_ms=26.4609,26.3333,26.647
sample=037_323754
backend=cuda
architecture=relateanything_full_v1
pairs=128
predicates=19103
latency_ms=24.6681
iteration_ms=24.4617,24.8825,24.6603
sample=038_358187
backend=cuda
architecture=relateanything_full_v1
pairs=128
predicates=19103
latency_ms=26.3452
iteration_ms=26.5483,26.1982,26.2892
sample=039_372522
backend=cuda
architecture=relateanything_full_v1
pairs=128
predicates=19103
latency_ms=26.6666
iteration_ms=26.8493,26.5126,26.638
sample=040_392539
backend=cuda
architecture=relateanything_full_v1
pairs=128
predicates=19103
latency_ms=26.9453
iteration_ms=26.8317,26.7191,27.2851
sample=041_431358
backend=cuda
architecture=relateanything_full_v1
pairs=128
predicates=19103
latency_ms=28.2523
iteration_ms=27.5827,30.3746,26.7997
sample=042_433188
backend=cuda
architecture=relateanything_full_v1
pairs=128
predicates=19103
latency_ms=23.9893
iteration_ms=24.3859,23.8454,23.7367
sample=043_437629
backend=cuda
architecture=relateanything_full_v1
pairs=128
predicates=19103
latency_ms=24.0839
iteration_ms=24.0671,24.2034,23.9814
sample=044_461572
backend=cuda
architecture=relateanything_full_v1
pairs=128
predicates=19103
latency_ms=27.0107
iteration_ms=26.765,27.3995,26.8677
sample=045_465589
backend=cuda
architecture=relateanything_full_v1
pairs=128
predicates=19103
latency_ms=23.9034
iteration_ms=24.3156,23.5511,23.8433
sample=046_471413
backend=cuda
architecture=relateanything_full_v1
pairs=128
predicates=19103
latency_ms=26.5094
iteration_ms=25.0946,27.661,26.7727
sample=047_475063
backend=cuda
architecture=relateanything_full_v1
pairs=128
predicates=19103
latency_ms=25.5849
iteration_ms=25.1204,26.3733,25.2609
sample=048_481986
backend=cuda
architecture=relateanything_full_v1
pairs=128
predicates=19103
latency_ms=24.8638
iteration_ms=24.7074,24.705,25.179
sample=049_495397
backend=cuda
architecture=relateanything_full_v1
pairs=128
predicates=19103
latency_ms=24.3398
iteration_ms=25.6775,23.5296,23.8123
