sample=000_9282
backend=cuda
architecture=relateanything_full_v1
pairs=128
predicates=19103
latency_ms=25.1063
iteration_ms=26.3443,24.4737,24.5008
sample=001_11355
backend=cuda
architecture=relateanything_full_v1
pairs=128
predicates=19103
latency_ms=28.2052
iteration_ms=30.7198,27.7705,26.1253
sample=002_14198
backend=cuda
architecture=relateanything_full_v1
pairs=128
predicates=19103
latency_ms=55.5305
iteration_ms=114.353,28.9082,23.3307
sample=003_16127
backend=cuda
architecture=relateanything_full_v1
pairs=128
predicates=19103
latency_ms=26.048
iteration_ms=27.9355,25.621,24.5875
sample=004_19163
backend=cuda
architecture=relateanything_full_v1
pairs=128
predicates=19103
latency_ms=27.0727
iteration_ms=29.2292,25.3305,26.6585
sample=005_24757
backend=cuda
architecture=relateanything_full_v1
pairs=128
predicates=19103
latency_ms=23.5776
iteration_ms=25.1968,23.3465,22.1893
sample=006_27190
backend=cuda
architecture=relateanything_full_v1
pairs=128
predicates=19103
latency_ms=23.3983
iteration_ms=23.8801,23.4919,22.8229
sample=007_52536
backend=cuda
architecture=relateanything_full_v1
pairs=128
predicates=19103
latency_ms=23.3164
iteration_ms=24.073,22.8098,23.0664
sample=008_55085
backend=cuda
architecture=relateanything_full_v1
pairs=128
predicates=19103
latency_ms=22.6901
iteration_ms=22.8299,22.6922,22.5482
sample=009_71069
backend=cuda
architecture=relateanything_full_v1
pairs=128
predicates=19103
latency_ms=21.9769
iteration_ms=21.9307,22.0722,21.9277
sample=010_81185
backend=cuda
architecture=relateanything_full_v1
pairs=128
predicates=19103
latency_ms=26.8057
iteration_ms=25.1455,28.4678,26.8036
sample=011_91806
backend=cuda
architecture=relateanything_full_v1
pairs=128
predicates=19103
latency_ms=25.3116
iteration_ms=25.4926,25.5886,24.8535
sample=012_92254
backend=cuda
architecture=relateanything_full_v1
pairs=128
predicates=19103
latency_ms=22.3908
iteration_ms=22.6839,22.1298,22.3588
sample=013_97855
backend=cuda
architecture=relateanything_full_v1
pairs=128
predicates=19103
latency_ms=26.3375
iteration_ms=25.2266,25.7095,28.0765
sample=014_102063
backend=cuda
architecture=relateanything_full_v1
pairs=128
predicates=19103
latency_ms=28.7451
iteration_ms=28.6388,28.9982,28.5982
sample=015_104029
backend=cuda
architecture=relateanything_full_v1
pairs=128
predicates=19103
latency_ms=25.5086
iteration_ms=23.8634,26.2111,26.4512
sample=016_115571
backend=cuda
architecture=relateanything_full_v1
pairs=128
predicates=19103
latency_ms=24.844
iteration_ms=24.9526,24.6315,24.9477
sample=017_122698
backend=cuda
architecture=relateanything_full_v1
pairs=128
predicates=19103
latency_ms=22.8445
iteration_ms=21.8113,22.6469,24.0755
sample=018_129927
backend=cuda
architecture=relateanything_full_v1
pairs=128
predicates=19103
latency_ms=24.7417
iteration_ms=24.9455,24.4995,24.78
sample=019_134453
backend=cuda
architecture=relateanything_full_v1
pairs=128
predicates=19103
latency_ms=24.936
iteration_ms=24.9312,25.4041,24.4726
sample=020_143376
backend=cuda
architecture=relateanything_full_v1
pairs=128
predicates=19103
latency_ms=24.414
iteration_ms=24.9507,24.3787,23.9125
sample=021_143697
backend=cuda
architecture=relateanything_full_v1
pairs=128
predicates=19103
latency_ms=24.8612
iteration_ms=24.9974,24.7217,24.8646
sample=022_144846
backend=cuda
architecture=relateanything_full_v1
pairs=128
predicates=19103
latency_ms=24.2343
iteration_ms=24.3555,23.9373,24.4101
sample=023_147904
backend=cuda
architecture=relateanything_full_v1
pairs=128
predicates=19103
latency_ms=24.2967
iteration_ms=24.5091,24.2584,24.1225
sample=024_149460
backend=cuda
architecture=relateanything_full_v1
pairs=128
predicates=19103
latency_ms=22.7886
iteration_ms=23.7773,22.3181,22.2705
sample=025_162793
backend=cuda
architecture=relateanything_full_v1
pairs=128
predicates=19103
latency_ms=24.0485
iteration_ms=24.1817,23.9096,24.0542
sample=026_172835
backend=cuda
architecture=relateanything_full_v1
pairs=128
predicates=19103
latency_ms=23.6952
iteration_ms=22.4684,22.2818,26.3356
sample=027_198214
backend=cuda
architecture=relateanything_full_v1
pairs=128
predicates=19103
latency_ms=22.3269
iteration_ms=22.285,22.1889,22.5068
sample=028_228279
backend=cuda
architecture=relateanything_full_v1
pairs=128
predicates=19103
latency_ms=24.5411
iteration_ms=24.6177,24.3286,24.677
sample=029_231594
backend=cuda
architecture=relateanything_full_v1
pairs=128
predicates=19103
latency_ms=22.562
iteration_ms=22.5405,22.7815,22.3639
sample=030_239442
backend=cuda
architecture=relateanything_full_v1
pairs=128
predicates=19103
latency_ms=22.0109
iteration_ms=21.792,22.0808,22.1598
sample=031_245050
backend=cuda
architecture=relateanything_full_v1
pairs=128
predicates=19103
latency_ms=22.2406
iteration_ms=22.6086,22.3604,21.753
sample=032_265747
backend=cuda
architecture=relateanything_full_v1
pairs=128
predicates=19103
latency_ms=21.7708
iteration_ms=22.1178,21.531,21.6637
sample=033_266825
backend=cuda
architecture=relateanything_full_v1
pairs=128
predicates=19103
latency_ms=25.389
iteration_ms=25.197,25.048,25.922
sample=034_280716
backend=cuda
architecture=relateanything_full_v1
pairs=128
predicates=19103
latency_ms=26.1043
iteration_ms=26.3922,26.2241,25.6967
sample=035_300959
backend=cuda
architecture=relateanything_full_v1
pairs=128
predicates=19103
latency_ms=26.1293
iteration_ms=25.821,26.1887,26.3784
sample=036_302113
backend=cuda
architecture=relateanything_full_v1
pairs=128
predicates=19103
latency_ms=25.1594
iteration_ms=25.9165,25.2885,24.273
sample=037_323754
backend=cuda
architecture=relateanything_full_v1
pairs=128
predicates=19103
latency_ms=22.2838
iteration_ms=22.3382,22.0689,22.4443
sample=038_358187
backend=cuda
architecture=relateanything_full_v1
pairs=128
predicates=19103
latency_ms=24.0868
iteration_ms=24.1872,24.0014,24.0719
sample=039_372522
backend=cuda
architecture=relateanything_full_v1
pairs=128
predicates=19103
latency_ms=25.6841
iteration_ms=25.8278,24.9056,26.319
sample=040_392539
backend=cuda
architecture=relateanything_full_v1
pairs=128
predicates=19103
latency_ms=25.1075
iteration_ms=25.4332,24.7849,25.1043
sample=041_431358
backend=cuda
architecture=relateanything_full_v1
pairs=128
predicates=19103
latency_ms=25.4227
iteration_ms=25.5885,25.3528,25.3267
sample=042_433188
backend=cuda
architecture=relateanything_full_v1
pairs=128
predicates=19103
latency_ms=22.1938
iteration_ms=22.3722,22.0616,22.1476
sample=043_437629
backend=cuda
architecture=relateanything_full_v1
pairs=128
predicates=19103
latency_ms=22.1999
iteration_ms=22.0005,22.1484,22.4508
sample=044_461572
backend=cuda
architecture=relateanything_full_v1
pairs=128
predicates=19103
latency_ms=25.0633
iteration_ms=25.2235,24.694,25.2724
sample=045_465589
backend=cuda
architecture=relateanything_full_v1
pairs=128
predicates=19103
latency_ms=21.7314
iteration_ms=21.6179,21.8719,21.7044
sample=046_471413
backend=cuda
architecture=relateanything_full_v1
pairs=128
predicates=19103
latency_ms=24.6834
iteration_ms=23.4069,25.9785,24.6646
sample=047_475063
backend=cuda
architecture=relateanything_full_v1
pairs=128
predicates=19103
latency_ms=23.9979
iteration_ms=24.0172,23.9442,24.0324
sample=048_481986
backend=cuda
architecture=relateanything_full_v1
pairs=128
predicates=19103
latency_ms=22.6621
iteration_ms=22.7265,23.0922,22.1675
sample=049_495397
backend=cuda
architecture=relateanything_full_v1
pairs=128
predicates=19103
latency_ms=21.837
iteration_ms=22.0384,21.5737,21.8987
