sample=000_9282
backend=vulkan
architecture=relateanything_full_v1
pairs=128
predicates=19103
latency_ms=45.8091
iteration_ms=50.453,44.7969,42.1772
sample=001_11355
backend=vulkan
architecture=relateanything_full_v1
pairs=128
predicates=19103
latency_ms=45.561
iteration_ms=46.4007,45.2324,45.0498
sample=002_14198
backend=vulkan
architecture=relateanything_full_v1
pairs=128
predicates=19103
latency_ms=42.0725
iteration_ms=42.1736,42.5372,41.5065
sample=003_16127
backend=vulkan
architecture=relateanything_full_v1
pairs=128
predicates=19103
latency_ms=42.0852
iteration_ms=40.6902,44.2613,41.304
sample=004_19163
backend=vulkan
architecture=relateanything_full_v1
pairs=128
predicates=19103
latency_ms=44.6205
iteration_ms=44.8098,44.6301,44.4218
sample=005_24757
backend=vulkan
architecture=relateanything_full_v1
pairs=128
predicates=19103
latency_ms=41.9314
iteration_ms=42.7386,40.8058,42.2497
sample=006_27190
backend=vulkan
architecture=relateanything_full_v1
pairs=128
predicates=19103
latency_ms=42.8758
iteration_ms=43.5139,44.0197,41.0938
sample=007_52536
backend=vulkan
architecture=relateanything_full_v1
pairs=128
predicates=19103
latency_ms=43.9189
iteration_ms=41.6439,46.8057,43.3072
sample=008_55085
backend=vulkan
architecture=relateanything_full_v1
pairs=128
predicates=19103
latency_ms=42.4222
iteration_ms=43.5558,43.0335,40.6774
sample=009_71069
backend=vulkan
architecture=relateanything_full_v1
pairs=128
predicates=19103
latency_ms=42.1271
iteration_ms=43.2134,42.4813,40.6866
sample=010_81185
backend=vulkan
architecture=relateanything_full_v1
pairs=128
predicates=19103
latency_ms=45.0333
iteration_ms=46.5869,42.6659,45.8469
sample=011_91806
backend=vulkan
architecture=relateanything_full_v1
pairs=128
predicates=19103
latency_ms=43.7184
iteration_ms=42.7848,44.6102,43.7603
sample=012_92254
backend=vulkan
architecture=relateanything_full_v1
pairs=128
predicates=19103
latency_ms=41.8913
iteration_ms=41.6133,40.885,43.1755
sample=013_97855
backend=vulkan
architecture=relateanything_full_v1
pairs=128
predicates=19103
latency_ms=42.8962
iteration_ms=44.6774,41.1401,42.8711
sample=014_102063
backend=vulkan
architecture=relateanything_full_v1
pairs=128
predicates=19103
latency_ms=43.7803
iteration_ms=44.0836,42.1755,45.0817
sample=015_104029
backend=vulkan
architecture=relateanything_full_v1
pairs=128
predicates=19103
latency_ms=41.5079
iteration_ms=42.1172,42.9011,39.5054
sample=016_115571
backend=vulkan
architecture=relateanything_full_v1
pairs=128
predicates=19103
latency_ms=43.2321
iteration_ms=42.0875,42.0825,45.5261
sample=017_122698
backend=vulkan
architecture=relateanything_full_v1
pairs=128
predicates=19103
latency_ms=39.9791
iteration_ms=40.1347,38.3681,41.4346
sample=018_129927
backend=vulkan
architecture=relateanything_full_v1
pairs=128
predicates=19103
latency_ms=43.9484
iteration_ms=45.287,43.5827,42.9755
sample=019_134453
backend=vulkan
architecture=relateanything_full_v1
pairs=128
predicates=19103
latency_ms=45.3582
iteration_ms=43.6604,48.0774,44.3368
sample=020_143376
backend=vulkan
architecture=relateanything_full_v1
pairs=128
predicates=19103
latency_ms=44.8353
iteration_ms=46.0344,42.8742,45.5974
sample=021_143697
backend=vulkan
architecture=relateanything_full_v1
pairs=128
predicates=19103
latency_ms=43.7377
iteration_ms=42.2908,42.1523,46.7701
sample=022_144846
backend=vulkan
architecture=relateanything_full_v1
pairs=128
predicates=19103
latency_ms=44.7548
iteration_ms=49.1958,43.4012,41.6675
sample=023_147904
backend=vulkan
architecture=relateanything_full_v1
pairs=128
predicates=19103
latency_ms=43.0088
iteration_ms=42.478,42.154,44.3944
sample=024_149460
backend=vulkan
architecture=relateanything_full_v1
pairs=128
predicates=19103
latency_ms=42.2998
iteration_ms=40.4158,44.1497,42.334
sample=025_162793
backend=vulkan
architecture=relateanything_full_v1
pairs=128
predicates=19103
latency_ms=44.8482
iteration_ms=46.7059,41.9641,45.8747
sample=026_172835
backend=vulkan
architecture=relateanything_full_v1
pairs=128
predicates=19103
latency_ms=40.1107
iteration_ms=41.302,39.5784,39.4517
sample=027_198214
backend=vulkan
architecture=relateanything_full_v1
pairs=128
predicates=19103
latency_ms=38.7471
iteration_ms=39.3862,38.3373,38.5178
sample=028_228279
backend=vulkan
architecture=relateanything_full_v1
pairs=128
predicates=19103
latency_ms=43.4406
iteration_ms=43.6613,41.9025,44.758
sample=029_231594
backend=vulkan
architecture=relateanything_full_v1
pairs=128
predicates=19103
latency_ms=43.5184
iteration_ms=40.6874,42.3271,47.5408
sample=030_239442
backend=vulkan
architecture=relateanything_full_v1
pairs=128
predicates=19103
latency_ms=40.8567
iteration_ms=40.4483,39.4653,42.6565
sample=031_245050
backend=vulkan
architecture=relateanything_full_v1
pairs=128
predicates=19103
latency_ms=41.1436
iteration_ms=41.5755,39.6481,42.2073
sample=032_265747
backend=vulkan
architecture=relateanything_full_v1
pairs=128
predicates=19103
latency_ms=38.817
iteration_ms=40.4763,38.3278,37.6467
sample=033_266825
backend=vulkan
architecture=relateanything_full_v1
pairs=128
predicates=19103
latency_ms=43.6587
iteration_ms=43.0012,45.6481,42.3268
sample=034_280716
backend=vulkan
architecture=relateanything_full_v1
pairs=128
predicates=19103
latency_ms=45.1847
iteration_ms=43.6945,48.3631,43.4964
sample=035_300959
backend=vulkan
architecture=relateanything_full_v1
pairs=128
predicates=19103
latency_ms=44.3953
iteration_ms=41.4962,44.9499,46.7397
sample=036_302113
backend=vulkan
architecture=relateanything_full_v1
pairs=128
predicates=19103
latency_ms=41.906
iteration_ms=41.2679,42.5737,41.8765
sample=037_323754
backend=vulkan
architecture=relateanything_full_v1
pairs=128
predicates=19103
latency_ms=43.0828
iteration_ms=42.0002,44.2808,42.9674
sample=038_358187
backend=vulkan
architecture=relateanything_full_v1
pairs=128
predicates=19103
latency_ms=43.8896
iteration_ms=44.0935,45.4748,42.1005
sample=039_372522
backend=vulkan
architecture=relateanything_full_v1
pairs=128
predicates=19103
latency_ms=44.214
iteration_ms=43.912,44.2956,44.4343
sample=040_392539
backend=vulkan
architecture=relateanything_full_v1
pairs=128
predicates=19103
latency_ms=44.5893
iteration_ms=43.57,44.1384,46.0595
sample=041_431358
backend=vulkan
architecture=relateanything_full_v1
pairs=128
predicates=19103
latency_ms=43.3928
iteration_ms=43.1794,42.5122,44.4868
sample=042_433188
backend=vulkan
architecture=relateanything_full_v1
pairs=128
predicates=19103
latency_ms=40.1194
iteration_ms=41.4682,39.7753,39.1147
sample=043_437629
backend=vulkan
architecture=relateanything_full_v1
pairs=128
predicates=19103
latency_ms=40.1372
iteration_ms=39.4018,40.2055,40.8042
sample=044_461572
backend=vulkan
architecture=relateanything_full_v1
pairs=128
predicates=19103
latency_ms=45.6831
iteration_ms=42.8121,44.4727,49.7646
sample=045_465589
backend=vulkan
architecture=relateanything_full_v1
pairs=128
predicates=19103
latency_ms=41.0035
iteration_ms=41.9867,39.9185,41.1055
sample=046_471413
backend=vulkan
architecture=relateanything_full_v1
pairs=128
predicates=19103
latency_ms=42.7138
iteration_ms=42.8314,41.3334,43.9766
sample=047_475063
backend=vulkan
architecture=relateanything_full_v1
pairs=128
predicates=19103
latency_ms=40.8969
iteration_ms=40.6925,40.3484,41.6499
sample=048_481986
backend=vulkan
architecture=relateanything_full_v1
pairs=128
predicates=19103
latency_ms=41.7635
iteration_ms=40.328,41.7506,43.212
sample=049_495397
backend=vulkan
architecture=relateanything_full_v1
pairs=128
predicates=19103
latency_ms=40.5088
iteration_ms=39.7159,40.8365,40.9739
