sample=000_9282
backend=vulkan
architecture=relateanything_full_v1
pairs=128
predicates=19103
latency_ms=31.592
iteration_ms=33.0225,31.9716,29.7819
sample=001_11355
backend=vulkan
architecture=relateanything_full_v1
pairs=128
predicates=19103
latency_ms=32.823
iteration_ms=33.773,31.7977,32.8982
sample=002_14198
backend=vulkan
architecture=relateanything_full_v1
pairs=128
predicates=19103
latency_ms=52.9105
iteration_ms=30.1753,28.3498,100.206
sample=003_16127
backend=vulkan
architecture=relateanything_full_v1
pairs=128
predicates=19103
latency_ms=30.577
iteration_ms=28.0789,31.3926,32.2594
sample=004_19163
backend=vulkan
architecture=relateanything_full_v1
pairs=128
predicates=19103
latency_ms=31.5558
iteration_ms=30.6151,30.3681,33.6841
sample=005_24757
backend=vulkan
architecture=relateanything_full_v1
pairs=128
predicates=19103
latency_ms=29.9943
iteration_ms=28.4099,30.8264,30.7467
sample=006_27190
backend=vulkan
architecture=relateanything_full_v1
pairs=128
predicates=19103
latency_ms=31.5536
iteration_ms=33.8509,31.538,29.272
sample=007_52536
backend=vulkan
architecture=relateanything_full_v1
pairs=128
predicates=19103
latency_ms=29.4578
iteration_ms=30.307,30.343,27.7232
sample=008_55085
backend=vulkan
architecture=relateanything_full_v1
pairs=128
predicates=19103
latency_ms=30.6301
iteration_ms=30.3547,29.5273,32.0084
sample=009_71069
backend=vulkan
architecture=relateanything_full_v1
pairs=128
predicates=19103
latency_ms=32.4199
iteration_ms=34.3762,31.87,31.0136
sample=010_81185
backend=vulkan
architecture=relateanything_full_v1
pairs=128
predicates=19103
latency_ms=36.8586
iteration_ms=42.0597,34.2347,34.2812
sample=011_91806
backend=vulkan
architecture=relateanything_full_v1
pairs=128
predicates=19103
latency_ms=33.2129
iteration_ms=31.0825,34.2285,34.3278
sample=012_92254
backend=vulkan
architecture=relateanything_full_v1
pairs=128
predicates=19103
latency_ms=29.2802
iteration_ms=29.7667,30.6188,27.4551
sample=013_97855
backend=vulkan
architecture=relateanything_full_v1
pairs=128
predicates=19103
latency_ms=32.6842
iteration_ms=30.1073,33.3654,34.5801
sample=014_102063
backend=vulkan
architecture=relateanything_full_v1
pairs=128
predicates=19103
latency_ms=32.391
iteration_ms=30.338,32.7127,34.1222
sample=015_104029
backend=vulkan
architecture=relateanything_full_v1
pairs=128
predicates=19103
latency_ms=29.0243
iteration_ms=27.4421,29.403,30.2278
sample=016_115571
backend=vulkan
architecture=relateanything_full_v1
pairs=128
predicates=19103
latency_ms=33.2459
iteration_ms=31.4006,33.8056,34.5314
sample=017_122698
backend=vulkan
architecture=relateanything_full_v1
pairs=128
predicates=19103
latency_ms=29.4717
iteration_ms=29.1535,30.1327,29.129
sample=018_129927
backend=vulkan
architecture=relateanything_full_v1
pairs=128
predicates=19103
latency_ms=30.6467
iteration_ms=30.9433,30.761,30.2357
sample=019_134453
backend=vulkan
architecture=relateanything_full_v1
pairs=128
predicates=19103
latency_ms=33.463
iteration_ms=33.423,34.0929,32.873
sample=020_143376
backend=vulkan
architecture=relateanything_full_v1
pairs=128
predicates=19103
latency_ms=33.6701
iteration_ms=32.4351,33.9085,34.6666
sample=021_143697
backend=vulkan
architecture=relateanything_full_v1
pairs=128
predicates=19103
latency_ms=33.4329
iteration_ms=33.9961,31.5869,34.7157
sample=022_144846
backend=vulkan
architecture=relateanything_full_v1
pairs=128
predicates=19103
latency_ms=32.7915
iteration_ms=30.5248,33.4525,34.3972
sample=023_147904
backend=vulkan
architecture=relateanything_full_v1
pairs=128
predicates=19103
latency_ms=31.9148
iteration_ms=32.0365,29.9687,33.7393
sample=024_149460
backend=vulkan
architecture=relateanything_full_v1
pairs=128
predicates=19103
latency_ms=30.636
iteration_ms=32.1032,29.3207,30.484
sample=025_162793
backend=vulkan
architecture=relateanything_full_v1
pairs=128
predicates=19103
latency_ms=31.6519
iteration_ms=31.0109,32.9863,30.9585
sample=026_172835
backend=vulkan
architecture=relateanything_full_v1
pairs=128
predicates=19103
latency_ms=28.8896
iteration_ms=30.1907,27.3019,29.1761
sample=027_198214
backend=vulkan
architecture=relateanything_full_v1
pairs=128
predicates=19103
latency_ms=28.9076
iteration_ms=30.5977,27.5069,28.6182
sample=028_228279
backend=vulkan
architecture=relateanything_full_v1
pairs=128
predicates=19103
latency_ms=35.4789
iteration_ms=31.9023,35.9001,38.6343
sample=029_231594
backend=vulkan
architecture=relateanything_full_v1
pairs=128
predicates=19103
latency_ms=31.6863
iteration_ms=32.2773,30.9448,31.8369
sample=030_239442
backend=vulkan
architecture=relateanything_full_v1
pairs=128
predicates=19103
latency_ms=31.4913
iteration_ms=29.8844,30.8453,33.7441
sample=031_245050
backend=vulkan
architecture=relateanything_full_v1
pairs=128
predicates=19103
latency_ms=31.4278
iteration_ms=31.3599,31.1398,31.7837
sample=032_265747
backend=vulkan
architecture=relateanything_full_v1
pairs=128
predicates=19103
latency_ms=29.6872
iteration_ms=29.1348,29.9242,30.0026
sample=033_266825
backend=vulkan
architecture=relateanything_full_v1
pairs=128
predicates=19103
latency_ms=32.9543
iteration_ms=33.6866,31.6105,33.5659
sample=034_280716
backend=vulkan
architecture=relateanything_full_v1
pairs=128
predicates=19103
latency_ms=34.5161
iteration_ms=32.0426,35.1948,36.311
sample=035_300959
backend=vulkan
architecture=relateanything_full_v1
pairs=128
predicates=19103
latency_ms=31.452
iteration_ms=33.6064,30.5098,30.24
sample=036_302113
backend=vulkan
architecture=relateanything_full_v1
pairs=128
predicates=19103
latency_ms=31.8963
iteration_ms=31.4815,33.8321,30.3752
sample=037_323754
backend=vulkan
architecture=relateanything_full_v1
pairs=128
predicates=19103
latency_ms=29.7181
iteration_ms=30.4615,28.3704,30.3223
sample=038_358187
backend=vulkan
architecture=relateanything_full_v1
pairs=128
predicates=19103
latency_ms=31.6764
iteration_ms=29.6144,32.137,33.2777
sample=039_372522
backend=vulkan
architecture=relateanything_full_v1
pairs=128
predicates=19103
latency_ms=34.2965
iteration_ms=33.5792,34.2645,35.0458
sample=040_392539
backend=vulkan
architecture=relateanything_full_v1
pairs=128
predicates=19103
latency_ms=34.9839
iteration_ms=32.2417,36.9369,35.7732
sample=041_431358
backend=vulkan
architecture=relateanything_full_v1
pairs=128
predicates=19103
latency_ms=32.3407
iteration_ms=31.2351,34.6884,31.0985
sample=042_433188
backend=vulkan
architecture=relateanything_full_v1
pairs=128
predicates=19103
latency_ms=30.2604
iteration_ms=29.8525,30.2438,30.685
sample=043_437629
backend=vulkan
architecture=relateanything_full_v1
pairs=128
predicates=19103
latency_ms=28.5508
iteration_ms=27.521,29.4765,28.655
sample=044_461572
backend=vulkan
architecture=relateanything_full_v1
pairs=128
predicates=19103
latency_ms=31.7914
iteration_ms=30.2788,33.532,31.5632
sample=045_465589
backend=vulkan
architecture=relateanything_full_v1
pairs=128
predicates=19103
latency_ms=28.9925
iteration_ms=29.0994,29.297,28.5811
sample=046_471413
backend=vulkan
architecture=relateanything_full_v1
pairs=128
predicates=19103
latency_ms=29.6987
iteration_ms=30.7945,29.9748,28.3267
sample=047_475063
backend=vulkan
architecture=relateanything_full_v1
pairs=128
predicates=19103
latency_ms=29.3982
iteration_ms=27.4766,30.4307,30.2873
sample=048_481986
backend=vulkan
architecture=relateanything_full_v1
pairs=128
predicates=19103
latency_ms=32.7748
iteration_ms=29.6186,30.451,38.2548
sample=049_495397
backend=vulkan
architecture=relateanything_full_v1
pairs=128
predicates=19103
latency_ms=29.1104
iteration_ms=30.0727,28.8378,28.4206
